Archive member included because of file (symbol)

/home/gordo/devkitpro/libnds/lib/libdswifi9.a(wifi_arm9.o)
                              main.o (Wifi_ScanMode)
/home/gordo/devkitpro/libnds/lib/libdswifi9.a(spinlock.o)
                              /home/gordo/devkitpro/libnds/lib/libdswifi9.a(wifi_arm9.o) (SLasm_Acquire)
/home/gordo/devkitpro/libnds/lib/libdswifi9.a(sgIP.o)
                              /home/gordo/devkitpro/libnds/lib/libdswifi9.a(wifi_arm9.o) (sgIP_Timer)
/home/gordo/devkitpro/libnds/lib/libdswifi9.a(sgIP_ARP.o)
                              /home/gordo/devkitpro/libnds/lib/libdswifi9.a(sgIP.o) (sgIP_ARP_Init)
/home/gordo/devkitpro/libnds/lib/libdswifi9.a(sgIP_DHCP.o)
                              /home/gordo/devkitpro/libnds/lib/libdswifi9.a(wifi_arm9.o) (gethostname)
/home/gordo/devkitpro/libnds/lib/libdswifi9.a(sgIP_DNS.o)
                              /home/gordo/devkitpro/libnds/lib/libdswifi9.a(sgIP.o) (sgIP_DNS_Init)
/home/gordo/devkitpro/libnds/lib/libdswifi9.a(sgIP_Hub.o)
                              /home/gordo/devkitpro/libnds/lib/libdswifi9.a(sgIP.o) (sgIP_Hub_Init)
/home/gordo/devkitpro/libnds/lib/libdswifi9.a(sgIP_IP.o)
                              /home/gordo/devkitpro/libnds/lib/libdswifi9.a(sgIP.o) (sgIP_IP_ReceivePacket)
/home/gordo/devkitpro/libnds/lib/libdswifi9.a(sgIP_TCP.o)
                              /home/gordo/devkitpro/libnds/lib/libdswifi9.a(sgIP.o) (sgIP_TCP_Init)
/home/gordo/devkitpro/libnds/lib/libdswifi9.a(sgIP_UDP.o)
                              /home/gordo/devkitpro/libnds/lib/libdswifi9.a(sgIP.o) (sgIP_UDP_Init)
/home/gordo/devkitpro/libnds/lib/libdswifi9.a(sgIP_memblock.o)
                              /home/gordo/devkitpro/libnds/lib/libdswifi9.a(sgIP.o) (sgIP_memblock_Init)
/home/gordo/devkitpro/libnds/lib/libdswifi9.a(sgIP_sockets.o)
                              /home/gordo/devkitpro/libnds/lib/libdswifi9.a(sgIP_DHCP.o) (ioctl)
/home/gordo/devkitpro/libnds/lib/libdswifi9.a(sgIP_ICMP.o)
                              /home/gordo/devkitpro/libnds/lib/libdswifi9.a(sgIP_IP.o) (sgIP_ICMP_ReceivePacket)
/home/gordo/devkitpro/libnds/lib/libnds9.a(background.o)
                              main.o (bgInit_call)
/home/gordo/devkitpro/libnds/lib/libnds9.a(console.o)
                              main.o (consoleClear)
/home/gordo/devkitpro/libnds/lib/libnds9.a(decompress.o)
                              main.o (decompress)
/home/gordo/devkitpro/libnds/lib/libnds9.a(initSystem.o)
                              /home/gordo/devkitpro/devkitARM/bin/../lib/gcc/arm-eabi/4.4.0/../../../../arm-eabi/lib/thumb/ds_arm9_crt0.o (initSystem)
/home/gordo/devkitpro/libnds/lib/libnds9.a(keys.o)
                              main.o (scanKeys)
/home/gordo/devkitpro/libnds/lib/libnds9.a(system.o)
                              /home/gordo/devkitpro/libnds/lib/libnds9.a(initSystem.o) (powerValueHandler)
/home/gordo/devkitpro/libnds/lib/libnds9.a(touch.o)
                              main.o (touchRead)
/home/gordo/devkitpro/libnds/lib/libnds9.a(trig.o)
                              /home/gordo/devkitpro/libnds/lib/libnds9.a(background.o) (sinLerp)
/home/gordo/devkitpro/libnds/lib/libnds9.a(video.o)
                              main.o (vramSetBankA)
/home/gordo/devkitpro/libnds/lib/libnds9.a(fifosystem.o)
                              /home/gordo/devkitpro/libnds/lib/libdswifi9.a(wifi_arm9.o) (fifoSetValue32Handler)
/home/gordo/devkitpro/libnds/lib/libnds9.a(interrupts.o)
                              uart.o (irqSet)
/home/gordo/devkitpro/libnds/lib/libnds9.a(dcache.o)
                              /home/gordo/devkitpro/libnds/lib/libdswifi9.a(wifi_arm9.o) (DC_FlushAll)
/home/gordo/devkitpro/libnds/lib/libnds9.a(biosCalls.o)
                              main.o (swiDelay)
/home/gordo/devkitpro/libnds/lib/libnds9.a(debugprint.o)
                              /home/gordo/devkitpro/libnds/lib/libnds9.a(console.o) (nocashMessage)
/home/gordo/devkitpro/libnds/lib/libnds9.a(interruptDispatcher.o)
                              /home/gordo/devkitpro/libnds/lib/libnds9.a(interrupts.o) (IntrMain)
/home/gordo/devkitpro/libnds/lib/libnds9.a(default_font.bin.o)
                              /home/gordo/devkitpro/libnds/lib/libnds9.a(console.o) (default_font_bin)
/home/gordo/devkitpro/devkitARM/bin/../lib/gcc/arm-eabi/4.4.0/thumb/libgcc.a(_udivsi3.o)
                              main.o (__aeabi_uidiv)
/home/gordo/devkitpro/devkitARM/bin/../lib/gcc/arm-eabi/4.4.0/thumb/libgcc.a(_divsi3.o)
                              uart.o (__aeabi_idiv)
/home/gordo/devkitpro/devkitARM/bin/../lib/gcc/arm-eabi/4.4.0/thumb/libgcc.a(_dvmd_tls.o)
                              /home/gordo/devkitpro/devkitARM/bin/../lib/gcc/arm-eabi/4.4.0/thumb/libgcc.a(_udivsi3.o) (__div0)
/home/gordo/devkitpro/devkitARM/bin/../lib/gcc/arm-eabi/4.4.0/thumb/libgcc.a(_arm_addsubdf3.o)
                              uart.o (__aeabi_ui2d)
/home/gordo/devkitpro/devkitARM/bin/../lib/gcc/arm-eabi/4.4.0/thumb/libgcc.a(_arm_muldivdf3.o)
[...]
Memory Configuration

Name             Origin             Length             Attributes
rom              0x08000000         0x02000000
ewram            0x02000000         0x003ff000
dtcm             0x0b000000         0x00004000
vectors          0x01000000         0x00000100
itcm             0x01000100         0x00007f00
*default*        0x00000000         0xffffffff

Linker script and memory map

                0x01000000                __vectors_start = 0x1000000
                0x01000100                __itcm_start = 0x1000100
                0x023ff000                __ewram_end = 0x23ff000
                0x023ff000                __eheap_end = 0x23ff000
                0x0b000000                __dtcm_start = 0xb000000
                0x0b004000                __dtcm_top = 0xb004000
                0x0b003ff8                __irq_flags = (__dtcm_top - 0x8)
                0x0b003ffc                __irq_vector = (__dtcm_top - 0x4)
                0x0b003f00                __sp_svc = (__dtcm_top - 0x100)
                0x0b003e00                __sp_irq = (__sp_svc - 0x100)
                0x0b003d00                __sp_usr = (__sp_irq - 0x100)

.init           0x02000000      0x30c
                0x02000000                __text_start = .
 *(.init)
 .init          0x02000000      0x300 /home/gordo/devkitpro/devkitARM/bin/../lib/gcc/arm-eabi/4.4.0/../../../../arm-eabi/lib/thumb/ds_arm9_crt0.o
                0x02000000                _start
 .init          0x02000300        0x4 /home/gordo/devkitpro/devkitARM/bin/../lib/gcc/arm-eabi/4.4.0/thumb/crti.o
                0x02000300                _init
 .init          0x02000304        0x8 /home/gordo/devkitpro/devkitARM/bin/../lib/gcc/arm-eabi/4.4.0/thumb/crtn.o
                0x0200030c                . = ALIGN (0x4)

.plt
 *(.plt)

.text           0x02000310    0x13274
 *(EXCLUDE_FILE(*.itcm*) .text)
 .text          0x02000310        0x0 /home/gordo/devkitpro/devkitARM/bin/../lib/gcc/arm-eabi/4.4.0/../../../../arm-eabi/lib/thumb/ds_arm9_crt0.o
 .text          0x02000310        0x0 /home/gordo/devkitpro/devkitARM/bin/../lib/gcc/arm-eabi/4.4.0/thumb/crti.o
 .text          0x02000310       0x6c /home/gordo/devkitpro/devkitARM/bin/../lib/gcc/arm-eabi/4.4.0/thumb/crtbegin.o
 .text          0x0200037c        0x0 cclogo.o
 .text          0x0200037c      0x25c aplist.o
                0x020004a0                freeApList
                0x020003d8                updateAp
                0x020004d8                updateApList
                0x0200037c                sortApList
                0x02000408                insertAp
                0x02000478                getAp
 .text          0x020005d8      0x35c brut.o
                0x020008b0                analog_read_fast
                0x02000810                i2c_receive
                0x02000654                servo_detach
                0x020005d8                em4102_send
                0x02000870                atmega_reset
                0x02000734                analog_write
                0x02000708                atmega_read_8
                0x02000760                analog_read
                0x02000620                servo_set
                0x020006dc                atmega_write_8
                0x020007b8                i2c_send
                0x0200067c                digital_write
                0x020006ac                digital_read
 *fill*         0x02000934        0x4 ff
 .text          0x02000938      0x3d8 main.o
                0x02000938                usleep
                0x02000950                main
 .text          0x02000d10      0x110 spi_driver.o
                0x02000de8                setupConsecutive_cardSPI
                0x02000d10                init_cardSPI
                0x02000d48                readBlocking_cardSPI
                0x02000d68                write_cardSPI
                0x02000da8                writeBlocking_cardSPI
                0x02000d28                read_cardSPI
                0x02000df4                config_cardSPI
                0x02000e14                disable_cardSPI
 .text          0x02000e20      0x8d8 uart.o
                0x02001488                uart_send
                0x02000e20                uart_available
                0x02001070                uart_write
                0x02001248                uart_requeue
                0x02000f18                uart_set_watermarks
                0x02000f38                uart_get_spi_rate
                0x02000e2c                uart_set_spi_rate
                0x020013b8                uart_readstr
                0x02001294                uart_readln
                0x020014b8                uart_init
                0x02001214                uart_set_bps
                0x02000f7c                uart_close
                0x020011ec                uart_set_parity
                0x020011c0                uart_firmware_ver
                0x02001420                uart_wait
                0x0200112c                uart_write_prio
                0x02000ffc                uart_wait_prio
                0x02001364                uart_read
                0x02001468                uart_sendc
                0x02001444                uart_flush
                0x020013d4                uart_write_block
 .text          0x020016f8     0x15dc /home/gordo/devkitpro/libnds/lib/libdswifi9.a(wifi_arm9.o)
                0x02002c08                Wifi_InitDefault
                0x020017d8                wHeapFree
                0x02001b10                Wifi_RawSetPacketHandler
                0x02001b60                Wifi_SetPromiscuousMode
                0x0200210c                wifiValue32Handler
                0x02001b1c                Wifi_SetSyncHandler
                0x02001d34                Wifi_GetData
                0x020019a0                Wifi_RawTxFrame
                0x02001824                ethhdr_print
                0x02001ddc                Wifi_SetIP
                0x02002b4c                wHeapAllocInit
                0x02001c3c                Wifi_DisconnectAP
                0x02001dcc                arm9_synctoarm7
                0x02001cf4                Wifi_GetIPInfo
                0x02001bac                Wifi_SetChannel
                0x02002120                Wifi_Timer
                0x02001cb4                Wifi_CheckInit
                0x02001708                sgIP_RestoreInterrupts
                0x02001718                sgIP_IntrWaitEvent
                0x02002b74                Wifi_Init
                0x02002140                Wifi_TransmitFunction
                0x02002544                Wifi_FindMatchingAP
                0x02001bd4                Wifi_GetNumAP
                0x0200183c                Wifi_CopyMacAddr
                0x02002100                Wifi_Sync
                0x02001828                erasemem
                0x02001b44                Wifi_EnableWifi
                0x02001904                Wifi_RxRawReadPacket
                0x02001c6c                Wifi_Interface_Init
                0x02002a1c                Wifi_ConnectAP
                0x02001ce0                Wifi_GetIP
                0x02002130                Timer_50ms
                0x02001d30                Wifi_SetDHCP
                0x0200184c                Wifi_CmpMacAddr
                0x02001b90                Wifi_ScanMode
                0x0200249c                Wifi_GetAPData
                0x02001c0c                Wifi_AutoConnect
                0x02001804                sgIP_free
                0x02002674                Wifi_AssocStatus
                0x020017f8                sgIP_malloc
                0x02001878                Wifi_TxBufferWordsAvailable
                0x0200171c                wHeapAlloc
                0x020018a0                Wifi_TxBufferWrite
                0x02001e04                Wifi_Update
                0x02001974                Wifi_RxReadOffset
                0x02001da8                Wifi_GetStats
                0x02001b28                Wifi_DisableWifi
                0x020016f8                sgIP_DisableInterrupts
 .text          0x02002cd4       0x5c /home/gordo/devkitpro/libnds/lib/libdswifi9.a(spinlock.o)
                0x02002cd4                SLasm_Acquire
                0x02002d08                SLasm_Release
 .text          0x02002d30       0xa4 /home/gordo/devkitpro/libnds/lib/libdswifi9.a(sgIP.o)
                0x02002d30                sgIP_Timer
                0x02002d98                sgIP_Init
 .text          0x02002dd4      0x668 /home/gordo/devkitpro/libnds/lib/libdswifi9.a(sgIP_ARP.o)
                0x02003320                sgIP_ARP_ProcessARPFrame
                0x02002e08                sgIP_is_broadcast_address
                0x02003118                sgIP_ARP_Timer100ms
                0x02002e18                sgIP_ARP_Init
                0x02002f54                sgIP_ARP_SendGratARP
                0x02002e6c                sgIP_ARP_ProcessIPFrame
                0x02002e14                sgIP_ARP_Check_isok
                0x02002e38                sgIP_ARP_FlushInterface
                0x02002e70                sgIP_ARP_SendARPRequest
                0x02003038                sgIP_ARP_SendARPResponse
                0x020031e8                sgIP_ARP_SendProtocolFrame
                0x02003190                sgIP_GetArpSlot
                0x02002dd4                sgIP_FindArpSlot
 .text          0x0200343c      0x924 /home/gordo/devkitpro/libnds/lib/libdswifi9.a(sgIP_DHCP.o)
                0x0200343c                sgIP_DHCP_IsDhcpIp
                0x02003d20                sgIP_DHCP_Init
                0x02003820                sgIP_DHCP_Update
                0x02003c1c                sgIP_DHCP_Release
                0x0200355c                sgIP_DHCP_BeginDgram
                0x02003524                sgIP_DHCP_Terminate
                0x0200344c                sethostname
                0x020037a4                sgIP_DHCP_SendDgram
                0x020034c8                gethostname
                0x02003c54                sgIP_DHCP_Start
                0x02003508                sgIP_DHCP_SetHostName
 .text          0x02003d60      0xabc /home/gordo/devkitpro/libnds/lib/libdswifi9.a(sgIP_DNS.o)
                0x02004408                sgIP_DNS_gethostbyname
                0x02003fec                sgIP_DNS_GetUnusedRecord
                0x02004080                sgIP_DNS_FindDNSRecord
                0x020043ec                inet_addr
                0x02003d98                sgIP_DNS_Timer1000ms
                0x02003e90                sgIP_DNS_GenerateHostent
                0x020043d0                inet_aton
                0x02003fd8                inet_ntoa
                0x02003d60                sgIP_DNS_Init
                0x02004198                sgIP_DNS_isipaddress
                0x02003f64                sgIP_DNS_CopyAliasAt
 .text          0x0200481c      0x204 /home/gordo/devkitpro/libnds/lib/libdswifi9.a(sgIP_Hub.o)
                0x02004950                sgIP_Hub_SendRawPacket
                0x020049c0                sgIP_Hub_ReceiveHardwarePacket
                0x020048f4                sgIP_Hub_GetCompatibleIP
                0x02004930                htonl
                0x0200486c                sgIP_Hub_AddHardwareInterface
                0x020048cc                sgIP_Hub_RemoveHardwareInterface
                0x0200490c                sgIP_Hub_GetDefaultInterface
                0x0200481c                sgIP_Hub_Init
                0x020048ec                sgIP_Hub_IPMaxMessageSize
                0x02004830                sgIP_Hub_AddProtocolInterface
                0x02004920                htons
                0x02004978                sgIP_Hub_SendProtocolPacket
                0x020048ac                sgIP_Hub_RemoveProtocolInterface
 .text          0x02004a20      0x158 /home/gordo/devkitpro/libnds/lib/libdswifi9.a(sgIP_IP.o)
                0x02004a20                sgIP_IP_RequiredHeaderSize
                0x02004ae0                sgIP_IP_ReceivePacket
                0x02004a38                sgIP_IP_SendViaIP
                0x02004a24                sgIP_IP_GetLocalBindAddr
                0x02004ad0                sgIP_IP_MaxContentsSize
 .text          0x02004b78     0x11dc /home/gordo/devkitpro/libnds/lib/libdswifi9.a(sgIP_TCP.o)
                0x02004b78                sgIP_TCP_Init
                0x02004bfc                sgIP_TCP_GetUnusedOutgoingPort
                0x02004c68                sgIP_TCP_Close
                0x02005478                sgIP_TCP_Timer
                0x02005198                sgIP_TCP_Recv
                0x02004d90                sgIP_TCP_AllocRecord
                0x02004de0                sgIP_TCP_FreeRecord
                0x020056e4                sgIP_TCP_CalcChecksum
                0x02004c98                sgIP_TCP_Accept
                0x02004ecc                sgIP_TCP_GenHeader
                0x02004d38                sgIP_TCP_Listen
                0x020053ac                sgIP_TCP_Connect
                0x0200500c                sgIP_TCP_SendSynReply
                0x02005750                sgIP_TCP_ReceivePacket
                0x020050b0                sgIP_TCP_SendPacket
                0x02005298                sgIP_TCP_Send
                0x02004bac                sgIP_TCP_support_seqhash
                0x02004d10                sgIP_TCP_Bind
                0x02004f90                sgIP_TCP_FixChecksum
 .text          0x02005d54      0x474 /home/gordo/devkitpro/libnds/lib/libdswifi9.a(sgIP_UDP.o)
                0x02005dd8                sgIP_UDP_Bind
                0x02005d70                sgIP_UDP_GetUnusedOutgoingPort
                0x02005fac                sgIP_UDP_CalcChecksum
                0x02005d54                sgIP_UDP_Init
                0x02005f08                sgIP_UDP_FreeRecord
                0x02006020                sgIP_UDP_SendPacket
                0x0200611c                sgIP_UDP_ReceivePacket
                0x02006108                sgIP_UDP_SendTo
                0x02005e14                sgIP_UDP_RecvFrom
                0x02005f6c                sgIP_UDP_AllocRecord
 .text          0x020061c8      0x2e0 /home/gordo/devkitpro/libnds/lib/libdswifi9.a(sgIP_memblock.o)
                0x0200640c                sgIP_memblock_free
                0x02006320                sgIP_memblock_CopyFromLinear
                0x02006498                sgIP_memblock_alloc
                0x0200631c                sgIP_memblock_CopyBlock
                0x02006398                sgIP_memblock_CopyToLinear
                0x020061fc                sgIP_memblock_IPChecksum
                0x020061c8                sgIP_memblock_Init
                0x020061cc                sgIP_memblock_exposeheader
                0x0200643c                sgIP_memblock_trimsize
                0x02006470                sgIP_memblock_allocHW
 .text          0x020064a8      0xb4c /home/gordo/devkitpro/libnds/lib/libdswifi9.a(sgIP_sockets.o)
                0x020068a0                ioctl
                0x02006c88                recv
                0x02006dc0                connect
                0x02006938                kill_socket
                0x02006b48                recvfrom
                0x02006f5c                socket
                0x020064d0                select
                0x02006d24                send
                0x02006a20                accept
                0x020064a8                sgIP_sockets_Init
                0x02006ea8                bind
                0x020064c8                setsockopt
                0x02006c14                sendto
                0x02006af8                listen
                0x02006970                spawn_socket
                0x020069d0                shutdown
                0x02006758                gethostbyname
                0x02006f08                closesocket
                0x02006808                getpeername
                0x020064cc                getsockopt
                0x02006764                getsockname
 .text          0x02006ff4       0x6c /home/gordo/devkitpro/libnds/lib/libdswifi9.a(sgIP_ICMP.o)
                0x02006ff8                sgIP_ICMP_ReceivePacket
                0x02006ff4                sgIP_ICMP_Init
 .text          0x02007060      0x320 /home/gordo/devkitpro/libnds/lib/libnds9.a(background.o)
                0x020070bc                bgUpdate
                0x020072b0                bgInit_call
                0x0200706c                checkIfText
                0x020071b4                bgInitSub_call
                0x02007060                bgIsText
 .text          0x02007380      0xa3c /home/gordo/devkitpro/libnds/lib/libnds9.a(console.o)
                0x02007ac4                con_write
                0x02007380                consoleGetDefault
                0x02007918                consoleInit
                0x0200786c                consoleSetFont
                0x02007d8c                nocash_write
                0x02007448                consolePrintChar
                0x020078b8                consoleClear
                0x02007890                consoleSetWindow
                0x02007388                consoleSelect
                0x02007a88                consoleDemoInit
                0x020075f4                consoleLoadFont
                0x020078cc                consoleDebugInit
 .text          0x02007dbc       0xb0 /home/gordo/devkitpro/libnds/lib/libnds9.a(decompress.o)
                0x02007e28                decompress
                0x02007dc4                decompressStream
                0x02007dbc                getHeader
                0x02007dc0                readByte
 .text          0x02007e6c       0xec /home/gordo/devkitpro/libnds/lib/libnds9.a(initSystem.o)
                0x02007e6c                initSystem
 .text          0x02007f58      0x134 /home/gordo/devkitpro/libnds/lib/libnds9.a(keys.o)
                0x02008018                keysSetRepeat
                0x02008008                keysDownRepeat
                0x02008054                keysCurrent
                0x02007fe8                keysHeld
                0x0200803c                keysUp
                0x02007ff4                keysDown
                0x02007f58                scanKeys
 .text          0x0200808c       0xf4 /home/gordo/devkitpro/libnds/lib/libnds9.a(system.o)
                0x0200813c                systemMsgHandler
                0x020080d4                powerOn
                0x02008124                powerValueHandler
                0x0200808c                ledBlink
                0x02008108                systemSleep
                0x020080a4                powerOff
 .text          0x02008180       0x4c /home/gordo/devkitpro/libnds/lib/libnds9.a(touch.o)
                0x02008180                touchRead
                0x020081a8                touchReadXY
 .text          0x020081cc      0x264 /home/gordo/devkitpro/libnds/lib/libnds9.a(trig.o)
                0x02008364                arcSinComp
                0x02008394                asinLerp
                0x02008324                tanLerp
                0x020081cc                sinLutLookup
                0x020082d8                tanLutLookup
                0x020082bc                cosLerp
                0x02008414                acosLerp
                0x0200821c                sinLerp
 .text          0x02008430      0x144 /home/gordo/devkitpro/libnds/lib/libnds9.a(video.o)
                0x020084e4                vramSetBankF
                0x02008474                vramRestoreMainBanks
                0x0200850c                vramSetBankH
                0x020084bc                vramSetBankD
                0x020084d0                vramSetBankE
                0x02008534                setBrightness
                0x020084f8                vramSetBankG
                0x02008494                vramSetBankB
                0x020084a8                vramSetBankC
                0x02008520                vramSetBankI
                0x02008430                vramSetMainBanks
                0x02008480                vramSetBankA
 .text          0x02008574     0x18b8 /home/gordo/devkitpro/libnds/lib/libnds9.a(fifosystem.o)
                0x02009510                fifoInternalRecvPopFirst
                0x020085fc                fifoCheckValue32
                0x0200870c                fifoCheckDatamsgLength
                0x02008f04                fifoGetLostWordCount
                0x02008e74                fifoGetBufferUsage
                0x02009bd4                fifoSendValue32
                0x02009ae4                fifoInternalSend
                0x02008bdc                fifoGetDatamsg
                0x020089f4                fifoGetValue32
                0x0200880c                fifoGetAddress
                0x0200879c                fifoCountDatamsg
                0x02008b44                fifoForceValue32Handler
                0x02008684                fifoCheckDatamsg
                0x020094b0                fifoInternalRecvPeek
                0x02009a04                fifoInternalAllocFreeBlock
                0x020089cc                fifoSetAddressHandler
                0x02009470                fifoInternalProtect
                0x02008db8                fifoForceDatamsgHandler
                0x02009918                fifoInternalSendEnqueue
                0x02009b7c                fifoSendDatamsg
                0x02009750                fifoInternalSendEmpty
                0x0200989c                fifoInternalSendInterrupt
                0x02009c1c                fifoSendAddress
                0x02009760                fifoInternalSendDeque
                0x02008f10                fifoInternalRecvInterrupt
                0x02008574                fifoCheckAddress
                0x02009a58                fifoInternalFreeCheck
                0x020095e4                fifoInternalRecvWordCount
                0x02009664                fifoInternalRecvPushBack
                0x0200948c                fifoInternalUnprotect
                0x0200895c                fifoForceAddressHandler
                0x02008bb4                fifoSetValue32Handler
                0x02009834                fifoInternalBeginSend
                0x02009c58                fifoInit
                0x02008e4c                fifoSetDatamsgHandler
                0x02009a34                fifoInternalFreeBlock
 .text          0x02009e2c      0x1a8 /home/gordo/devkitpro/libnds/lib/libnds9.a(interrupts.o)
                0x02009f0c                irqEnable
                0x02009e30                irqSet
                0x02009f58                irqDisable
                0x02009e90                irqInit
                0x02009e2c                irqDummy
                0x02009edc                irqInitHandler
                0x02009fa4                irqClear
 .text          0x02009fd4       0x70 /home/gordo/devkitpro/libnds/lib/libnds9.a(dcache.o)
                0x02009fd4                DC_FlushAll
                0x0200a000                DC_FlushRange
                0x0200a028                DC_InvalidateRange
                0x0200a01c                DC_InvalidateAll
 *fill*         0x0200a044        0xc ff
 .text          0x0200a050       0x70 /home/gordo/devkitpro/libnds/lib/libnds9.a(biosCalls.o)
                0x0200a060                swiSleep
                0x0200a09a                swiDecompressLZSSVram
                0x0200a082                swiFastCopy
                0x0200a086                swiSqrt
                0x0200a050                swiSoftReset
                0x0200a08a                swiCRC16
                0x0200a09e                swiDecompressHuffman
                0x0200a0b6                swiSetHaltCR
                0x0200a06c                swiRemainder
                0x0200a092                swiUnpackBits
                0x0200a096                swiDecompressLZSSWram
                0x0200a0b2                swiDecodeDelta16
                0x0200a054                swiDelay
                0x0200a072                swiDivMod
                0x0200a0a6                swiDecompressRLEVram
                0x0200a0a2                swiDecompressRLEWram
                0x0200a0ae                swiDecodeDelta8
                0x0200a068                swiDivide
                0x0200a064                swiChangeSoundBias
                0x0200a05c                swiWaitForVBlank
                0x0200a058                swiIntrWait
                0x0200a08e                swiIsDebugger
                0x0200a0aa                swiWaitForIRQ
                0x0200a07e                swiCopy
 .text          0x0200a0c0       0x98 /home/gordo/devkitpro/libnds/lib/libnds9.a(debugprint.o)
                0x0200a0c0                nocashMessage
 .text          0x0200a158        0x0 /home/gordo/devkitpro/libnds/lib/libnds9.a(interruptDispatcher.o)
 .text          0x0200a158        0x0 /home/gordo/devkitpro/libnds/lib/libnds9.a(default_font.bin.o)
 .text          0x0200a158       0x8c /home/gordo/devkitpro/devkitARM/bin/../lib/gcc/arm-eabi/4.4.0/thumb/libgcc.a(_udivsi3.o)
                0x0200a158                __udivsi3
                0x0200a158                __aeabi_uidiv
                0x0200a1d4                __aeabi_uidivmod
 .text          0x0200a1e4       0xa4 /home/gordo/devkitpro/devkitARM/bin/../lib/gcc/arm-eabi/4.4.0/thumb/libgcc.a(_divsi3.o)
                0x0200a1e4                __aeabi_idiv
                0x0200a1e4                __divsi3
                0x0200a278                __aeabi_idivmod
 .text          0x0200a288        0x4 /home/gordo/devkitpro/devkitARM/bin/../lib/gcc/arm-eabi/4.4.0/thumb/libgcc.a(_dvmd_tls.o)
                0x0200a288                __aeabi_ldiv0
                0x0200a288                __div0
                0x0200a288                __aeabi_idiv0
 .text          0x0200a28c      0x41c /home/gordo/devkitpro/devkitARM/bin/../lib/gcc/arm-eabi/4.4.0/thumb/libgcc.a(_arm_addsubdf3.o)
                0x0200a648                __floatdidf
                0x0200a5cc                __floatsidf
                0x0200a5a8                __aeabi_ui2d
                0x0200a28c                __aeabi_drsub
                0x0200a5f4                __extendsfdf2
                0x0200a298                __adddf3
                0x0200a5a8                __floatunsidf
                0x0200a298                __aeabi_dadd
                0x0200a634                __aeabi_ul2d
                0x0200a294                __aeabi_dsub
                0x0200a634                __floatundidf
                0x0200a5cc                __aeabi_i2d
                0x0200a648                __aeabi_l2d
                0x0200a5f4                __aeabi_f2d
                0x0200a294                __subdf3
 .text          0x0200a6a8      0x49c /home/gordo/devkitpro/devkitARM/bin/../lib/gcc/arm-eabi/4.4.0/thumb/libgcc.a(_arm_muldivdf3.o)
                0x0200a938                __aeabi_ddiv
                0x0200a6a8                __aeabi_dmul
                0x0200a938                __divdf3
                0x0200a6a8                __muldf3
 .text          0x0200ab44       0x54 /home/gordo/devkitpro/devkitARM/bin/../lib/gcc/arm-eabi/4.4.0/thumb/libgcc.a(_arm_fixunsdfsi.o)
                0x0200ab44                __fixunsdfsi
                0x0200ab44                __aeabi_d2uiz
 .text          0x0200ab98       0xa0 /home/gordo/devkitpro/devkitARM/bin/../lib/gcc/arm-eabi/4.4.0/thumb/libgcc.a(_arm_truncdfsf2.o)
                0x0200ab98                __aeabi_d2f
                0x0200ab98                __truncdfsf2
 .text          0x0200ac38      0x2ac /home/gordo/devkitpro/devkitARM/bin/../lib/gcc/arm-eabi/4.4.0/thumb/libgcc.a(_arm_addsubsf3.o)
                0x0200ac44                __aeabi_fadd
                0x0200ac40                __subsf3
                0x0200ae08                __aeabi_i2f
                0x0200ac40                __aeabi_fsub
                0x0200ae38                __floatdisf
                0x0200ae08                __floatsisf
                0x0200ae28                __floatundisf
                0x0200ae00                __aeabi_ui2f
                0x0200ae38                __aeabi_l2f
                0x0200ae28                __aeabi_ul2f
                0x0200ac38                __aeabi_frsub
                0x0200ae00                __floatunsisf
                0x0200ac44                __addsf3
 .text          0x0200aee4      0x2f8 /home/gordo/devkitpro/devkitARM/bin/../lib/gcc/arm-eabi/4.4.0/thumb/libgcc.a(_arm_muldivsf3.o)
                0x0200b07c                __divsf3
                0x0200b07c                __aeabi_fdiv
                0x0200aee4                __mulsf3
                0x0200aee4                __aeabi_fmul
 .text          0x0200b1dc      0x110 /home/gordo/devkitpro/devkitARM/bin/../lib/gcc/arm-eabi/4.4.0/thumb/libgcc.a(_arm_cmpsf2.o)
                0x0200b2d4                __aeabi_fcmpgt
                0x0200b1e4                __lesf2
                0x0200b1ec                __nesf2
                0x0200b2bc                __aeabi_fcmpge
                0x0200b1dc                __gtsf2
                0x0200b2a4                __aeabi_fcmple
                0x0200b1ec                __eqsf2
                0x0200b1ec                __cmpsf2
                0x0200b1e4                __ltsf2
                0x0200b25c                __aeabi_cfcmple
                0x0200b1dc                __gesf2
                0x0200b274                __aeabi_fcmpeq
                0x0200b24c                __aeabi_cfrcmple
                0x0200b28c                __aeabi_fcmplt
                0x0200b25c                __aeabi_cfcmpeq
 .text          0x0200b2ec       0x54 /home/gordo/devkitpro/devkitARM/bin/../lib/gcc/arm-eabi/4.4.0/thumb/libgcc.a(_arm_fixunssfsi.o)
                0x0200b2ec                __aeabi_f2uiz
                0x0200b2ec                __fixunssfsi
 .text          0x0200b340       0x60 /home/gordo/devkitpro/devkitARM/bin/../lib/gcc/arm-eabi/4.4.0/../../../../arm-eabi/lib/thumb/libg.a(lib_a-bsearch.o)
                0x0200b340                bsearch
 .text          0x0200b3a0        0xc /home/gordo/devkitpro/devkitARM/bin/../lib/gcc/arm-eabi/4.4.0/../../../../arm-eabi/lib/thumb/libg.a(lib_a-errno.o)
                0x0200b3a0                __errno
 .text          0x0200b3ac        0x0 /home/gordo/devkitpro/devkitARM/bin/../lib/gcc/arm-eabi/4.4.0/../../../../arm-eabi/lib/thumb/libg.a(lib_a-impure.o)
 .text          0x0200b3ac       0x84 /home/gordo/devkitpro/devkitARM/bin/../lib/gcc/arm-eabi/4.4.0/../../../../arm-eabi/lib/thumb/libg.a(lib_a-init.o)
                0x0200b3dc                __libc_init_array
                0x0200b3ac                __libc_fini_array
 .text          0x0200b430       0x40 /home/gordo/devkitpro/devkitARM/bin/../lib/gcc/arm-eabi/4.4.0/../../../../arm-eabi/lib/thumb/libg.a(lib_a-iprintf.o)
                0x0200b430                _iprintf_r
                0x0200b44c                iprintf
 .text          0x0200b470       0x30 /home/gordo/devkitpro/devkitARM/bin/../lib/gcc/arm-eabi/4.4.0/../../../../arm-eabi/lib/thumb/libg.a(lib_a-malloc.o)
                0x0200b488                malloc
                0x0200b470                free
 .text          0x0200b4a0      0x504 /home/gordo/devkitpro/devkitARM/bin/../lib/gcc/arm-eabi/4.4.0/../../../../arm-eabi/lib/thumb/libg.a(lib_a-mallocr.o)
                0x0200b4a0                _malloc_r
 .text          0x0200b9a4       0x58 /home/gordo/devkitpro/devkitARM/bin/../lib/gcc/arm-eabi/4.4.0/../../../../arm-eabi/lib/thumb/libg.a(lib_a-memcmp.o)
                0x0200b9a4                memcmp
 .text          0x0200b9fc       0x80 /home/gordo/devkitpro/devkitARM/bin/../lib/gcc/arm-eabi/4.4.0/../../../../arm-eabi/lib/thumb/libg.a(lib_a-memcpy.o)
                0x0200b9fc                memcpy
 .text          0x0200ba7c       0xa0 /home/gordo/devkitpro/devkitARM/bin/../lib/gcc/arm-eabi/4.4.0/../../../../arm-eabi/lib/thumb/libg.a(lib_a-memmove.o)
                0x0200ba7c                memmove
 .text          0x0200bb1c       0x94 /home/gordo/devkitpro/devkitARM/bin/../lib/gcc/arm-eabi/4.4.0/../../../../arm-eabi/lib/thumb/libg.a(lib_a-memset.o)
                0x0200bb1c                memset
 .text          0x0200bbb0        0x8 /home/gordo/devkitpro/devkitARM/bin/../lib/gcc/arm-eabi/4.4.0/../../../../arm-eabi/lib/thumb/libg.a(lib_a-mlock.o)
                0x0200bbb4                __malloc_unlock
                0x0200bbb0                __malloc_lock
 .text          0x0200bbb8       0x40 /home/gordo/devkitpro/devkitARM/bin/../lib/gcc/arm-eabi/4.4.0/../../../../arm-eabi/lib/thumb/libg.a(lib_a-printf.o)
                0x0200bbb8                printf
                0x0200bbdc                _printf_r
 .text          0x0200bbf8      0x10c /home/gordo/devkitpro/devkitARM/bin/../lib/gcc/arm-eabi/4.4.0/../../../../arm-eabi/lib/thumb/libg.a(lib_a-setvbuf.o)
                0x0200bbf8                setvbuf
 .text          0x0200bd04       0xa4 /home/gordo/devkitpro/devkitARM/bin/../lib/gcc/arm-eabi/4.4.0/../../../../arm-eabi/lib/thumb/libg.a(lib_a-siscanf.o)
                0x0200bd08                _siscanf_r
                0x0200bd58                siscanf
 .text          0x0200bda8       0x6c /home/gordo/devkitpro/devkitARM/bin/../lib/gcc/arm-eabi/4.4.0/../../../../arm-eabi/lib/thumb/libg.a(lib_a-strlen.o)
                0x0200bda8                strlen
 .text          0x0200be14       0x64 /home/gordo/devkitpro/devkitARM/bin/../lib/gcc/arm-eabi/4.4.0/../../../../arm-eabi/lib/thumb/libg.a(lib_a-strncpy.o)
                0x0200be14                strncpy
 .text          0x0200be78      0xa6c /home/gordo/devkitpro/devkitARM/bin/../lib/gcc/arm-eabi/4.4.0/../../../../arm-eabi/lib/thumb/libg.a(lib_a-svfiscanf.o)
                0x0200bf4c                __ssvfiscanf_r
 .text          0x0200c8e4       0x34 /home/gordo/devkitpro/devkitARM/bin/../lib/gcc/arm-eabi/4.4.0/../../../../arm-eabi/lib/thumb/libg.a(lib_a-time.o)
                0x0200c8e4                time
 .text          0x0200c918      0x1a0 /home/gordo/devkitpro/devkitARM/bin/../lib/gcc/arm-eabi/4.4.0/../../../../arm-eabi/lib/thumb/libg.a(lib_a-ungetc.o)
                0x0200ca9c                ungetc
                0x0200c918                __submore
                0x0200c994                _ungetc_r
 .text          0x0200cab8      0xd48 /home/gordo/devkitpro/devkitARM/bin/../lib/gcc/arm-eabi/4.4.0/../../../../arm-eabi/lib/thumb/libg.a(lib_a-vfiprintf.o)
                0x0200d7e0                vfiprintf
                0x0200cad8                _vfiprintf_r
 .text          0x0200d800     0x17f0 /home/gordo/devkitpro/devkitARM/bin/../lib/gcc/arm-eabi/4.4.0/../../../../arm-eabi/lib/thumb/libg.a(lib_a-vfprintf.o)
                0x0200d820                _vfprintf_r
                0x0200efcc                vfprintf
 .text          0x0200eff0       0x64 /home/gordo/devkitpro/devkitARM/bin/../lib/gcc/arm-eabi/4.4.0/../../../../arm-eabi/lib/thumb/libg.a(lib_a-wcrtomb.o)
                0x0200eff0                _wcrtomb_r
                0x0200f034                wcrtomb
 .text          0x0200f054      0x104 /home/gordo/devkitpro/devkitARM/bin/../lib/gcc/arm-eabi/4.4.0/../../../../arm-eabi/lib/thumb/libg.a(lib_a-wcsrtombs.o)
                0x0200f054                _wcsrtombs_r
                0x0200f130                wcsrtombs
 .text          0x0200f158      0x2c8 /home/gordo/devkitpro/devkitARM/bin/../lib/gcc/arm-eabi/4.4.0/../../../../arm-eabi/lib/thumb/libg.a(lib_a-wctomb_r.o)
                0x0200f158                _wctomb_r
 .text          0x0200f420       0xd0 /home/gordo/devkitpro/devkitARM/bin/../lib/gcc/arm-eabi/4.4.0/../../../../arm-eabi/lib/thumb/libg.a(lib_a-wsetup.o)
                0x0200f420                __swsetup_r
 .text          0x0200f4f0        0x0 /home/gordo/devkitpro/devkitARM/bin/../lib/gcc/arm-eabi/4.4.0/../../../../arm-eabi/lib/thumb/libg.a(lib_a-ctype_.o)
 .text          0x0200f4f0      0xff0 /home/gordo/devkitpro/devkitARM/bin/../lib/gcc/arm-eabi/4.4.0/../../../../arm-eabi/lib/thumb/libg.a(lib_a-dtoa.o)
                0x0200f644                _dtoa_r
 .text          0x020104e0      0x148 /home/gordo/devkitpro/devkitARM/bin/../lib/gcc/arm-eabi/4.4.0/../../../../arm-eabi/lib/thumb/libg.a(lib_a-fflush.o)
                0x020105f4                fflush
                0x020104e0                _fflush_r
 .text          0x02010628      0x1e0 /home/gordo/devkitpro/devkitARM/bin/../lib/gcc/arm-eabi/4.4.0/../../../../arm-eabi/lib/thumb/libg.a(lib_a-findfp.o)
                0x020106ec                __sinit
                0x02010748                __sfmoreglue
                0x0201068c                _cleanup
                0x02010678                _cleanup_r
                0x0201065c                __fp_lock_all
                0x02010628                __sfp_lock_acquire
                0x02010778                __sfp
                0x02010634                __sinit_lock_release
                0x02010640                __fp_unlock_all
                0x0201062c                __sfp_lock_release
                0x02010630                __sinit_lock_acquire
 .text          0x02010808      0x250 /home/gordo/devkitpro/devkitARM/bin/../lib/gcc/arm-eabi/4.4.0/../../../../arm-eabi/lib/thumb/libg.a(lib_a-freer.o)
                0x020108ac                _free_r
                0x02010808                _malloc_trim_r
 .text          0x02010a58      0x328 /home/gordo/devkitpro/devkitARM/bin/../lib/gcc/arm-eabi/4.4.0/../../../../arm-eabi/lib/thumb/libg.a(lib_a-fvwrite.o)
                0x02010a58                __sfvwrite_r
 .text          0x02010d80       0xc4 /home/gordo/devkitpro/devkitARM/bin/../lib/gcc/arm-eabi/4.4.0/../../../../arm-eabi/lib/thumb/libg.a(lib_a-fwalk.o)
                0x02010de4                _fwalk
                0x02010d80                _fwalk_reent
 .text          0x02010e44       0xe8 /home/gordo/devkitpro/devkitARM/bin/../lib/gcc/arm-eabi/4.4.0/../../../../arm-eabi/lib/thumb/libg.a(lib_a-iswspace.o)
                0x02010e44                iswspace
 .text          0x02010f2c      0x190 /home/gordo/devkitpro/devkitARM/bin/../lib/gcc/arm-eabi/4.4.0/../../../../arm-eabi/lib/thumb/libg.a(lib_a-jp2uc.o)
                0x02010f2c                __jp2uc
 .text          0x020110bc      0x28c /home/gordo/devkitpro/devkitARM/bin/../lib/gcc/arm-eabi/4.4.0/../../../../arm-eabi/lib/thumb/libg.a(lib_a-locale.o)
                0x020110d8                _setlocale_r
                0x020110bc                __locale_charset
                0x020110c8                _localeconv_r
                0x0201132c                setlocale
                0x020110d0                localeconv
 .text          0x02011348       0xe8 /home/gordo/devkitpro/devkitARM/bin/../lib/gcc/arm-eabi/4.4.0/../../../../arm-eabi/lib/thumb/libg.a(lib_a-makebuf.o)
                0x02011348                __smakebuf_r
 .text          0x02011430       0x70 /home/gordo/devkitpro/devkitARM/bin/../lib/gcc/arm-eabi/4.4.0/../../../../arm-eabi/lib/thumb/libg.a(lib_a-mbrtowc.o)
                0x02011478                mbrtowc
                0x02011430                _mbrtowc_r
 .text          0x020114a0      0x660 /home/gordo/devkitpro/devkitARM/bin/../lib/gcc/arm-eabi/4.4.0/../../../../arm-eabi/lib/thumb/libg.a(lib_a-mbtowc_r.o)
                0x020114a0                _mbtowc_r
 .text          0x02011b00       0x80 /home/gordo/devkitpro/devkitARM/bin/../lib/gcc/arm-eabi/4.4.0/../../../../arm-eabi/lib/thumb/libg.a(lib_a-memchr.o)
                0x02011b00                memchr
 .text          0x02011b80      0x9d8 /home/gordo/devkitpro/devkitARM/bin/../lib/gcc/arm-eabi/4.4.0/../../../../arm-eabi/lib/thumb/libg.a(lib_a-mprec.o)
                0x02011de8                _mprec_log10
                0x02011e74                __any_on
                0x02011ec8                _Balloc
                0x02011d84                __ratio
                0x02012348                __i2b
                0x02011ce8                __b2d
                0x020124bc                __s2b
                0x02011c54                __mcmp
                0x02011b98                __hi0bits
                0x02012404                __pow5mult
                0x02012120                __lshift
                0x020121e4                __multiply
                0x02011f1c                __d2b
                0x02011e2c                __copybits
                0x02011c98                __ulp
                0x02012000                __mdiff
                0x02011bec                __lo0bits
                0x02012360                __multadd
                0x02011b80                _Bfree
 .text          0x02012558      0x360 /home/gordo/devkitpro/devkitARM/bin/../lib/gcc/arm-eabi/4.4.0/../../../../arm-eabi/lib/thumb/libg.a(lib_a-reallocr.o)
                0x02012558                _realloc_r
 .text          0x020128b8       0x78 /home/gordo/devkitpro/devkitARM/bin/../lib/gcc/arm-eabi/4.4.0/../../../../arm-eabi/lib/thumb/libg.a(lib_a-sccl.o)
                0x020128b8                __sccl
 .text          0x02012930       0x24 /home/gordo/devkitpro/devkitARM/bin/../lib/gcc/arm-eabi/4.4.0/../../../../arm-eabi/lib/thumb/libg.a(lib_a-s_isinfd.o)
                0x02012930                __isinfd
 .text          0x02012954       0x20 /home/gordo/devkitpro/devkitARM/bin/../lib/gcc/arm-eabi/4.4.0/../../../../arm-eabi/lib/thumb/libg.a(lib_a-s_isnand.o)
                0x02012954                __isnand
 .text          0x02012974       0xa8 /home/gordo/devkitpro/devkitARM/bin/../lib/gcc/arm-eabi/4.4.0/../../../../arm-eabi/lib/thumb/libg.a(lib_a-stdio.o)
                0x02012984                __sseek
                0x020129f0                __sread
                0x02012974                __sclose
                0x020129b4                __swrite
 .text          0x02012a1c       0x5c /home/gordo/devkitpro/devkitARM/bin/../lib/gcc/arm-eabi/4.4.0/../../../../arm-eabi/lib/thumb/libg.a(lib_a-strcmp.o)
                0x02012a1c                strcmp
 .text          0x02012a78       0x4c /home/gordo/devkitpro/devkitARM/bin/../lib/gcc/arm-eabi/4.4.0/../../../../arm-eabi/lib/thumb/libg.a(lib_a-strcpy.o)
                0x02012a78                strcpy
 .text          0x02012ac4      0x190 /home/gordo/devkitpro/devkitARM/bin/../lib/gcc/arm-eabi/4.4.0/../../../../arm-eabi/lib/thumb/libg.a(lib_a-strtol.o)
                0x02012c34                strtol
                0x02012ac4                _strtol_r
 .text          0x02012c54      0x17c /home/gordo/devkitpro/devkitARM/bin/../lib/gcc/arm-eabi/4.4.0/../../../../arm-eabi/lib/thumb/libg.a(lib_a-strtoul.o)
                0x02012db0                strtoul
                0x02012c54                _strtoul_r
 .text          0x02012dd0       0x5c /home/gordo/devkitpro/devkitARM/bin/../lib/gcc/arm-eabi/4.4.0/../../../../arm-eabi/lib/thumb/libg.a(lib_a-callocr.o)
                0x02012dd0                _calloc_r
 .text          0x02012e2c       0xc0 /home/gordo/devkitpro/devkitARM/bin/../lib/gcc/arm-eabi/4.4.0/../../../../arm-eabi/lib/thumb/libg.a(lib_a-fclose.o)
                0x02012e2c                _fclose_r
                0x02012ed0                fclose
 .text          0x02012eec      0x13c /home/gordo/devkitpro/devkitARM/bin/../lib/gcc/arm-eabi/4.4.0/../../../../arm-eabi/lib/thumb/libsysbase.a(iosupport.o)
                0x02013004                RemoveDevice
                0x02012eec                setDefaultDevice
                0x02012f00                AddDevice
                0x02012fe4                GetDeviceOpTab
                0x02012f7c                FindDevice
 .text          0x02013028       0x50 /home/gordo/devkitpro/devkitARM/bin/../lib/gcc/arm-eabi/4.4.0/../../../../arm-eabi/lib/thumb/libsysbase.a(close.o)
                0x02013028                _close_r
 .text          0x02013078       0x58 /home/gordo/devkitpro/devkitARM/bin/../lib/gcc/arm-eabi/4.4.0/../../../../arm-eabi/lib/thumb/libsysbase.a(fstat.o)
                0x02013078                _fstat_r
 .text          0x020130d0        0x4 /home/gordo/devkitpro/devkitARM/bin/../lib/gcc/arm-eabi/4.4.0/../../../../arm-eabi/lib/thumb/libsysbase.a(isatty.o)
                0x020130d0                _isatty_r
 .text          0x020130d4       0x50 /home/gordo/devkitpro/devkitARM/bin/../lib/gcc/arm-eabi/4.4.0/../../../../arm-eabi/lib/thumb/libsysbase.a(lseek.o)
                0x020130d4                _lseek_r
 .text          0x02013124       0x50 /home/gordo/devkitpro/devkitARM/bin/../lib/gcc/arm-eabi/4.4.0/../../../../arm-eabi/lib/thumb/libsysbase.a(read.o)
                0x02013124                _read_r
 .text          0x02013174       0x54 /home/gordo/devkitpro/devkitARM/bin/../lib/gcc/arm-eabi/4.4.0/../../../../arm-eabi/lib/thumb/libsysbase.a(sbrk.o)
                0x02013174                _sbrk_r
 .text          0x020131c8       0x48 /home/gordo/devkitpro/devkitARM/bin/../lib/gcc/arm-eabi/4.4.0/../../../../arm-eabi/lib/thumb/libsysbase.a(times.o)
                0x020131d0                _gettimeofday_r
                0x020131c8                _times_r
                0x020131fc                _times
 .text          0x02013210       0x50 /home/gordo/devkitpro/devkitARM/bin/../lib/gcc/arm-eabi/4.4.0/../../../../arm-eabi/lib/thumb/libsysbase.a(write.o)
                0x02013210                _write_r
 .text          0x02013260        0x0 /home/gordo/devkitpro/devkitARM/bin/../lib/gcc/arm-eabi/4.4.0/../../../../arm-eabi/lib/thumb/libsysbase.a(malloc_vars.o)
 .text          0x02013260       0x54 /home/gordo/devkitpro/devkitARM/bin/../lib/gcc/arm-eabi/4.4.0/../../../../arm-eabi/lib/thumb/libsysbase.a(build_argv.o)
                0x02013260                build_argv
 .text          0x020132b4       0x88 /home/gordo/devkitpro/devkitARM/bin/../lib/gcc/arm-eabi/4.4.0/../../../../arm-eabi/lib/thumb/libsysbase.a(handle_manager.o)
                0x02013310                __release_handle
                0x020132d4                __alloc_handle
                0x020132b4                __get_handle
 .text          0x0201333c      0x140 /home/gordo/devkitpro/devkitARM/bin/../lib/gcc/arm-eabi/4.4.0/thumb/libgcc.a(_arm_cmpdf2.o)
                0x02013434                __aeabi_dcmple
                0x0201334c                __cmpdf2
                0x0201334c                __eqdf2
                0x0201333c                __gtdf2
                0x020133ec                __aeabi_cdcmple
                0x020133d0                __aeabi_cdrcmple
                0x02013344                __ltdf2
                0x0201341c                __aeabi_dcmplt
                0x02013344                __ledf2
                0x02013464                __aeabi_dcmpgt
                0x0201344c                __aeabi_dcmpge
                0x0201334c                __nedf2
                0x02013404                __aeabi_dcmpeq
                0x020133ec                __aeabi_cdcmpeq
                0x0201333c                __gedf2
 .text          0x0201347c       0x5c /home/gordo/devkitpro/devkitARM/bin/../lib/gcc/arm-eabi/4.4.0/thumb/libgcc.a(_arm_fixdfsi.o)
                0x0201347c                __fixdfsi
                0x0201347c                __aeabi_d2iz
 .text          0x020134d8       0xac /home/gordo/devkitpro/devkitARM/bin/../lib/gcc/arm-eabi/4.4.0/../../../../arm-eabi/lib/thumb/libg.a(lib_a-strncmp.o)
                0x020134d8                strncmp
 .text          0x02013584        0x0 /home/gordo/devkitpro/devkitARM/bin/../lib/gcc/arm-eabi/4.4.0/thumb/crtend.o
 .text          0x02013584        0x0 /home/gordo/devkitpro/devkitARM/bin/../lib/gcc/arm-eabi/4.4.0/thumb/crtn.o
 *(.text.*)
 *(.stub)
 *(.gnu.warning)
 *(.gnu.linkonce.t*)
 *(.glue_7)
 .glue_7        0x02013584        0x0 /home/gordo/devkitpro/devkitARM/bin/../lib/gcc/arm-eabi/4.4.0/../../../../arm-eabi/lib/thumb/ds_arm9_crt0.o
 .glue_7        0x02013584        0x0 /home/gordo/devkitpro/devkitARM/bin/../lib/gcc/arm-eabi/4.4.0/thumb/crti.o
 .glue_7        0x02013584        0x0 /home/gordo/devkitpro/devkitARM/bin/../lib/gcc/arm-eabi/4.4.0/thumb/crtbegin.o
 .glue_7        0x02013584        0x0 cclogo.o
 .glue_7        0x02013584        0x0 aplist.o
 .glue_7        0x02013584        0x0 brut.o
 .glue_7        0x02013584        0x0 main.o
 .glue_7        0x02013584        0x0 spi_driver.o
 .glue_7        0x02013584        0x0 uart.o
 .glue_7        0x02013584        0x0 /home/gordo/devkitpro/libnds/lib/libdswifi9.a(wifi_arm9.o)
 .glue_7        0x02013584        0x0 /home/gordo/devkitpro/libnds/lib/libdswifi9.a(spinlock.o)
 .glue_7        0x02013584        0x0 /home/gordo/devkitpro/libnds/lib/libdswifi9.a(sgIP.o)
 .glue_7        0x02013584        0x0 /home/gordo/devkitpro/libnds/lib/libdswifi9.a(sgIP_ARP.o)
 .glue_7        0x02013584        0x0 /home/gordo/devkitpro/libnds/lib/libdswifi9.a(sgIP_DHCP.o)
 .glue_7        0x02013584        0x0 /home/gordo/devkitpro/libnds/lib/libdswifi9.a(sgIP_DNS.o)
 .glue_7        0x02013584        0x0 /home/gordo/devkitpro/libnds/lib/libdswifi9.a(sgIP_Hub.o)
 .glue_7        0x02013584        0x0 /home/gordo/devkitpro/libnds/lib/libdswifi9.a(sgIP_IP.o)
 .glue_7        0x02013584        0x0 /home/gordo/devkitpro/libnds/lib/libdswifi9.a(sgIP_TCP.o)
 .glue_7        0x02013584        0x0 /home/gordo/devkitpro/libnds/lib/libdswifi9.a(sgIP_UDP.o)
 .glue_7        0x02013584        0x0 /home/gordo/devkitpro/libnds/lib/libdswifi9.a(sgIP_memblock.o)
 .glue_7        0x02013584        0x0 /home/gordo/devkitpro/libnds/lib/libdswifi9.a(sgIP_sockets.o)
 .glue_7        0x02013584        0x0 /home/gordo/devkitpro/libnds/lib/libdswifi9.a(sgIP_ICMP.o)
 .glue_7        0x02013584        0x0 /home/gordo/devkitpro/libnds/lib/libnds9.a(background.o)
 .glue_7        0x02013584        0x0 /home/gordo/devkitpro/libnds/lib/libnds9.a(console.o)
 .glue_7        0x02013584        0x0 /home/gordo/devkitpro/libnds/lib/libnds9.a(decompress.o)
 .glue_7        0x02013584        0x0 /home/gordo/devkitpro/libnds/lib/libnds9.a(initSystem.o)
 .glue_7        0x02013584        0x0 /home/gordo/devkitpro/libnds/lib/libnds9.a(keys.o)
 .glue_7        0x02013584        0x0 /home/gordo/devkitpro/libnds/lib/libnds9.a(system.o)
 .glue_7        0x02013584        0x0 /home/gordo/devkitpro/libnds/lib/libnds9.a(touch.o)
 .glue_7        0x02013584        0x0 /home/gordo/devkitpro/libnds/lib/libnds9.a(trig.o)
 .glue_7        0x02013584        0x0 /home/gordo/devkitpro/libnds/lib/libnds9.a(video.o)
 .glue_7        0x02013584        0x0 /home/gordo/devkitpro/libnds/lib/libnds9.a(fifosystem.o)
 .glue_7        0x02013584        0x0 /home/gordo/devkitpro/libnds/lib/libnds9.a(interrupts.o)
 .glue_7        0x02013584        0x0 /home/gordo/devkitpro/libnds/lib/libnds9.a(dcache.o)
 .glue_7        0x02013584        0x0 /home/gordo/devkitpro/libnds/lib/libnds9.a(biosCalls.o)
 .glue_7        0x02013584        0x0 /home/gordo/devkitpro/libnds/lib/libnds9.a(debugprint.o)
 .glue_7        0x02013584        0x0 /home/gordo/devkitpro/libnds/lib/libnds9.a(interruptDispatcher.o)
 .glue_7        0x02013584        0x0 /home/gordo/devkitpro/libnds/lib/libnds9.a(default_font.bin.o)
 .glue_7        0x02013584        0x0 /home/gordo/devkitpro/devkitARM/bin/../lib/gcc/arm-eabi/4.4.0/thumb/libgcc.a(_udivsi3.o)
 .glue_7        0x02013584        0x0 /home/gordo/devkitpro/devkitARM/bin/../lib/gcc/arm-eabi/4.4.0/thumb/libgcc.a(_divsi3.o)
 .glue_7        0x02013584        0x0 /home/gordo/devkitpro/devkitARM/bin/../lib/gcc/arm-eabi/4.4.0/thumb/libgcc.a(_dvmd_tls.o)
 .glue_7        0x02013584        0x0 /home/gordo/devkitpro/devkitARM/bin/../lib/gcc/arm-eabi/4.4.0/thumb/libgcc.a(_arm_addsubdf3.o)
 .glue_7        0x02013584        0x0 /home/gordo/devkitpro/devkitARM/bin/../lib/gcc/arm-eabi/4.4.0/thumb/libgcc.a(_arm_muldivdf3.o)
 .glue_7        0x02013584        0x0 /home/gordo/devkitpro/devkitARM/bin/../lib/gcc/arm-eabi/4.4.0/thumb/libgcc.a(_arm_fixunsdfsi.o)
 .glue_7        0x02013584        0x0 /home/gordo/devkitpro/devkitARM/bin/../lib/gcc/arm-eabi/4.4.0/thumb/libgcc.a(_arm_truncdfsf2.o)
 .glue_7        0x02013584        0x0 /home/gordo/devkitpro/devkitARM/bin/../lib/gcc/arm-eabi/4.4.0/thumb/libgcc.a(_arm_addsubsf3.o)
 .glue_7        0x02013584        0x0 /home/gordo/devkitpro/devkitARM/bin/../lib/gcc/arm-eabi/4.4.0/thumb/libgcc.a(_arm_muldivsf3.o)
 .glue_7        0x02013584        0x0 /home/gordo/devkitpro/devkitARM/bin/../lib/gcc/arm-eabi/4.4.0/thumb/libgcc.a(_arm_cmpsf2.o)
 .glue_7        0x02013584        0x0 /home/gordo/devkitpro/devkitARM/bin/../lib/gcc/arm-eabi/4.4.0/thumb/libgcc.a(_arm_fixunssfsi.o)
 .glue_7        0x02013584        0x0 /home/gordo/devkitpro/devkitARM/bin/../lib/gcc/arm-eabi/4.4.0/../../../../arm-eabi/lib/thumb/libg.a(lib_a-bsearch.o)
 .glue_7        0x02013584        0x0 /home/gordo/devkitpro/devkitARM/bin/../lib/gcc/arm-eabi/4.4.0/../../../../arm-eabi/lib/thumb/libg.a(lib_a-errno.o)
 .glue_7        0x02013584        0x0 /home/gordo/devkitpro/devkitARM/bin/../lib/gcc/arm-eabi/4.4.0/../../../../arm-eabi/lib/thumb/libg.a(lib_a-impure.o)
 .glue_7        0x02013584        0x0 /home/gordo/devkitpro/devkitARM/bin/../lib/gcc/arm-eabi/4.4.0/../../../../arm-eabi/lib/thumb/libg.a(lib_a-init.o)
 .glue_7        0x02013584        0x0 /home/gordo/devkitpro/devkitARM/bin/../lib/gcc/arm-eabi/4.4.0/../../../../arm-eabi/lib/thumb/libg.a(lib_a-iprintf.o)
 .glue_7        0x02013584        0x0 /home/gordo/devkitpro/devkitARM/bin/../lib/gcc/arm-eabi/4.4.0/../../../../arm-eabi/lib/thumb/libg.a(lib_a-malloc.o)
 .glue_7        0x02013584        0x0 /home/gordo/devkitpro/devkitARM/bin/../lib/gcc/arm-eabi/4.4.0/../../../../arm-eabi/lib/thumb/libg.a(lib_a-mallocr.o)
 .glue_7        0x02013584        0x0 /home/gordo/devkitpro/devkitARM/bin/../lib/gcc/arm-eabi/4.4.0/../../../../arm-eabi/lib/thumb/libg.a(lib_a-memcmp.o)
 .glue_7        0x02013584        0x0 /home/gordo/devkitpro/devkitARM/bin/../lib/gcc/arm-eabi/4.4.0/../../../../arm-eabi/lib/thumb/libg.a(lib_a-memcpy.o)
 .glue_7        0x02013584        0x0 /home/gordo/devkitpro/devkitARM/bin/../lib/gcc/arm-eabi/4.4.0/../../../../arm-eabi/lib/thumb/libg.a(lib_a-memmove.o)
 .glue_7        0x02013584        0x0 /home/gordo/devkitpro/devkitARM/bin/../lib/gcc/arm-eabi/4.4.0/../../../../arm-eabi/lib/thumb/libg.a(lib_a-memset.o)
 .glue_7        0x02013584        0x0 /home/gordo/devkitpro/devkitARM/bin/../lib/gcc/arm-eabi/4.4.0/../../../../arm-eabi/lib/thumb/libg.a(lib_a-mlock.o)
 .glue_7        0x02013584        0x0 /home/gordo/devkitpro/devkitARM/bin/../lib/gcc/arm-eabi/4.4.0/../../../../arm-eabi/lib/thumb/libg.a(lib_a-printf.o)
 .glue_7        0x02013584        0x0 /home/gordo/devkitpro/devkitARM/bin/../lib/gcc/arm-eabi/4.4.0/../../../../arm-eabi/lib/thumb/libg.a(lib_a-setvbuf.o)
 .glue_7        0x02013584        0x0 /home/gordo/devkitpro/devkitARM/bin/../lib/gcc/arm-eabi/4.4.0/../../../../arm-eabi/lib/thumb/libg.a(lib_a-siscanf.o)
 .glue_7        0x02013584        0x0 /home/gordo/devkitpro/devkitARM/bin/../lib/gcc/arm-eabi/4.4.0/../../../../arm-eabi/lib/thumb/libg.a(lib_a-strlen.o)
 .glue_7        0x02013584        0x0 /home/gordo/devkitpro/devkitARM/bin/../lib/gcc/arm-eabi/4.4.0/../../../../arm-eabi/lib/thumb/libg.a(lib_a-strncpy.o)
 .glue_7        0x02013584        0x0 /home/gordo/devkitpro/devkitARM/bin/../lib/gcc/arm-eabi/4.4.0/../../../../arm-eabi/lib/thumb/libg.a(lib_a-svfiscanf.o)
 .glue_7        0x02013584        0x0 /home/gordo/devkitpro/devkitARM/bin/../lib/gcc/arm-eabi/4.4.0/../../../../arm-eabi/lib/thumb/libg.a(lib_a-time.o)
 .glue_7        0x02013584        0x0 /home/gordo/devkitpro/devkitARM/bin/../lib/gcc/arm-eabi/4.4.0/../../../../arm-eabi/lib/thumb/libg.a(lib_a-ungetc.o)
 .glue_7        0x02013584        0x0 /home/gordo/devkitpro/devkitARM/bin/../lib/gcc/arm-eabi/4.4.0/../../../../arm-eabi/lib/thumb/libg.a(lib_a-vfiprintf.o)
 .glue_7        0x02013584        0x0 /home/gordo/devkitpro/devkitARM/bin/../lib/gcc/arm-eabi/4.4.0/../../../../arm-eabi/lib/thumb/libg.a(lib_a-vfprintf.o)
 .glue_7        0x02013584        0x0 /home/gordo/devkitpro/devkitARM/bin/../lib/gcc/arm-eabi/4.4.0/../../../../arm-eabi/lib/thumb/libg.a(lib_a-wcrtomb.o)
 .glue_7        0x02013584        0x0 /home/gordo/devkitpro/devkitARM/bin/../lib/gcc/arm-eabi/4.4.0/../../../../arm-eabi/lib/thumb/libg.a(lib_a-wcsrtombs.o)
 .glue_7        0x02013584        0x0 /home/gordo/devkitpro/devkitARM/bin/../lib/gcc/arm-eabi/4.4.0/../../../../arm-eabi/lib/thumb/libg.a(lib_a-wctomb_r.o)
 .glue_7        0x02013584        0x0 /home/gordo/devkitpro/devkitARM/bin/../lib/gcc/arm-eabi/4.4.0/../../../../arm-eabi/lib/thumb/libg.a(lib_a-wsetup.o)
 .glue_7        0x02013584        0x0 /home/gordo/devkitpro/devkitARM/bin/../lib/gcc/arm-eabi/4.4.0/../../../../arm-eabi/lib/thumb/libg.a(lib_a-ctype_.o)
 .glue_7        0x02013584        0x0 /home/gordo/devkitpro/devkitARM/bin/../lib/gcc/arm-eabi/4.4.0/../../../../arm-eabi/lib/thumb/libg.a(lib_a-dtoa.o)
 .glue_7        0x02013584        0x0 /home/gordo/devkitpro/devkitARM/bin/../lib/gcc/arm-eabi/4.4.0/../../../../arm-eabi/lib/thumb/libg.a(lib_a-fflush.o)
 .glue_7        0x02013584        0x0 /home/gordo/devkitpro/devkitARM/bin/../lib/gcc/arm-eabi/4.4.0/../../../../arm-eabi/lib/thumb/libg.a(lib_a-findfp.o)
 .glue_7        0x02013584        0x0 /home/gordo/devkitpro/devkitARM/bin/../lib/gcc/arm-eabi/4.4.0/../../../../arm-eabi/lib/thumb/libg.a(lib_a-freer.o)
 .glue_7        0x02013584        0x0 /home/gordo/devkitpro/devkitARM/bin/../lib/gcc/arm-eabi/4.4.0/../../../../arm-eabi/lib/thumb/libg.a(lib_a-fvwrite.o)
 .glue_7        0x02013584        0x0 /home/gordo/devkitpro/devkitARM/bin/../lib/gcc/arm-eabi/4.4.0/../../../../arm-eabi/lib/thumb/libg.a(lib_a-fwalk.o)
 .glue_7        0x02013584        0x0 /home/gordo/devkitpro/devkitARM/bin/../lib/gcc/arm-eabi/4.4.0/../../../../arm-eabi/lib/thumb/libg.a(lib_a-iswspace.o)
 .glue_7        0x02013584        0x0 /home/gordo/devkitpro/devkitARM/bin/../lib/gcc/arm-eabi/4.4.0/../../../../arm-eabi/lib/thumb/libg.a(lib_a-jp2uc.o)
 .glue_7        0x02013584        0x0 /home/gordo/devkitpro/devkitARM/bin/../lib/gcc/arm-eabi/4.4.0/../../../../arm-eabi/lib/thumb/libg.a(lib_a-locale.o)
 .glue_7        0x02013584        0x0 /home/gordo/devkitpro/devkitARM/bin/../lib/gcc/arm-eabi/4.4.0/../../../../arm-eabi/lib/thumb/libg.a(lib_a-makebuf.o)
 .glue_7        0x02013584        0x0 /home/gordo/devkitpro/devkitARM/bin/../lib/gcc/arm-eabi/4.4.0/../../../../arm-eabi/lib/thumb/libg.a(lib_a-mbrtowc.o)
 .glue_7        0x02013584        0x0 /home/gordo/devkitpro/devkitARM/bin/../lib/gcc/arm-eabi/4.4.0/../../../../arm-eabi/lib/thumb/libg.a(lib_a-mbtowc_r.o)
 .glue_7        0x02013584        0x0 /home/gordo/devkitpro/devkitARM/bin/../lib/gcc/arm-eabi/4.4.0/../../../../arm-eabi/lib/thumb/libg.a(lib_a-memchr.o)
 .glue_7        0x02013584        0x0 /home/gordo/devkitpro/devkitARM/bin/../lib/gcc/arm-eabi/4.4.0/../../../../arm-eabi/lib/thumb/libg.a(lib_a-mprec.o)
 .glue_7        0x02013584        0x0 /home/gordo/devkitpro/devkitARM/bin/../lib/gcc/arm-eabi/4.4.0/../../../../arm-eabi/lib/thumb/libg.a(lib_a-reallocr.o)
 .glue_7        0x02013584        0x0 /home/gordo/devkitpro/devkitARM/bin/../lib/gcc/arm-eabi/4.4.0/../../../../arm-eabi/lib/thumb/libg.a(lib_a-sccl.o)
 .glue_7        0x02013584        0x0 /home/gordo/devkitpro/devkitARM/bin/../lib/gcc/arm-eabi/4.4.0/../../../../arm-eabi/lib/thumb/libg.a(lib_a-s_isinfd.o)
 .glue_7        0x02013584        0x0 /home/gordo/devkitpro/devkitARM/bin/../lib/gcc/arm-eabi/4.4.0/../../../../arm-eabi/lib/thumb/libg.a(lib_a-s_isnand.o)
 .glue_7        0x02013584        0x0 /home/gordo/devkitpro/devkitARM/bin/../lib/gcc/arm-eabi/4.4.0/../../../../arm-eabi/lib/thumb/libg.a(lib_a-stdio.o)
 .glue_7        0x02013584        0x0 /home/gordo/devkitpro/devkitARM/bin/../lib/gcc/arm-eabi/4.4.0/../../../../arm-eabi/lib/thumb/libg.a(lib_a-strcmp.o)
 .glue_7        0x02013584        0x0 /home/gordo/devkitpro/devkitARM/bin/../lib/gcc/arm-eabi/4.4.0/../../../../arm-eabi/lib/thumb/libg.a(lib_a-strcpy.o)
 .glue_7        0x02013584        0x0 /home/gordo/devkitpro/devkitARM/bin/../lib/gcc/arm-eabi/4.4.0/../../../../arm-eabi/lib/thumb/libg.a(lib_a-strtol.o)
 .glue_7        0x02013584        0x0 /home/gordo/devkitpro/devkitARM/bin/../lib/gcc/arm-eabi/4.4.0/../../../../arm-eabi/lib/thumb/libg.a(lib_a-strtoul.o)
 .glue_7        0x02013584        0x0 /home/gordo/devkitpro/devkitARM/bin/../lib/gcc/arm-eabi/4.4.0/../../../../arm-eabi/lib/thumb/libg.a(lib_a-callocr.o)
 .glue_7        0x02013584        0x0 /home/gordo/devkitpro/devkitARM/bin/../lib/gcc/arm-eabi/4.4.0/../../../../arm-eabi/lib/thumb/libg.a(lib_a-fclose.o)
 .glue_7        0x02013584        0x0 /home/gordo/devkitpro/devkitARM/bin/../lib/gcc/arm-eabi/4.4.0/../../../../arm-eabi/lib/thumb/libsysbase.a(iosupport.o)
 .glue_7        0x02013584        0x0 /home/gordo/devkitpro/devkitARM/bin/../lib/gcc/arm-eabi/4.4.0/../../../../arm-eabi/lib/thumb/libsysbase.a(close.o)
 .glue_7        0x02013584        0x0 /home/gordo/devkitpro/devkitARM/bin/../lib/gcc/arm-eabi/4.4.0/../../../../arm-eabi/lib/thumb/libsysbase.a(fstat.o)
 .glue_7        0x02013584        0x0 /home/gordo/devkitpro/devkitARM/bin/../lib/gcc/arm-eabi/4.4.0/../../../../arm-eabi/lib/thumb/libsysbase.a(isatty.o)
 .glue_7        0x02013584        0x0 /home/gordo/devkitpro/devkitARM/bin/../lib/gcc/arm-eabi/4.4.0/../../../../arm-eabi/lib/thumb/libsysbase.a(lseek.o)
 .glue_7        0x02013584        0x0 /home/gordo/devkitpro/devkitARM/bin/../lib/gcc/arm-eabi/4.4.0/../../../../arm-eabi/lib/thumb/libsysbase.a(read.o)
 .glue_7        0x02013584        0x0 /home/gordo/devkitpro/devkitARM/bin/../lib/gcc/arm-eabi/4.4.0/../../../../arm-eabi/lib/thumb/libsysbase.a(sbrk.o)
 .glue_7        0x02013584        0x0 /home/gordo/devkitpro/devkitARM/bin/../lib/gcc/arm-eabi/4.4.0/../../../../arm-eabi/lib/thumb/libsysbase.a(times.o)
 .glue_7        0x02013584        0x0 /home/gordo/devkitpro/devkitARM/bin/../lib/gcc/arm-eabi/4.4.0/../../../../arm-eabi/lib/thumb/libsysbase.a(write.o)
 .glue_7        0x02013584        0x0 /home/gordo/devkitpro/devkitARM/bin/../lib/gcc/arm-eabi/4.4.0/../../../../arm-eabi/lib/thumb/libsysbase.a(malloc_vars.o)
 .glue_7        0x02013584        0x0 /home/gordo/devkitpro/devkitARM/bin/../lib/gcc/arm-eabi/4.4.0/../../../../arm-eabi/lib/thumb/libsysbase.a(build_argv.o)
 .glue_7        0x02013584        0x0 /home/gordo/devkitpro/devkitARM/bin/../lib/gcc/arm-eabi/4.4.0/../../../../arm-eabi/lib/thumb/libsysbase.a(handle_manager.o)
 .glue_7        0x02013584        0x0 /home/gordo/devkitpro/devkitARM/bin/../lib/gcc/arm-eabi/4.4.0/thumb/libgcc.a(_arm_cmpdf2.o)
 .glue_7        0x02013584        0x0 /home/gordo/devkitpro/devkitARM/bin/../lib/gcc/arm-eabi/4.4.0/thumb/libgcc.a(_arm_fixdfsi.o)
 .glue_7        0x02013584        0x0 /home/gordo/devkitpro/devkitARM/bin/../lib/gcc/arm-eabi/4.4.0/../../../../arm-eabi/lib/thumb/libg.a(lib_a-strncmp.o)
 .glue_7        0x02013584        0x0 /home/gordo/devkitpro/devkitARM/bin/../lib/gcc/arm-eabi/4.4.0/thumb/crtend.o
 .glue_7        0x02013584        0x0 /home/gordo/devkitpro/devkitARM/bin/../lib/gcc/arm-eabi/4.4.0/thumb/crtn.o
 *(.glue_7t)
 .glue_7t       0x02013584        0x0 /home/gordo/devkitpro/devkitARM/bin/../lib/gcc/arm-eabi/4.4.0/../../../../arm-eabi/lib/thumb/ds_arm9_crt0.o
 .glue_7t       0x02013584        0x0 /home/gordo/devkitpro/devkitARM/bin/../lib/gcc/arm-eabi/4.4.0/thumb/crti.o
 .glue_7t       0x02013584        0x0 /home/gordo/devkitpro/devkitARM/bin/../lib/gcc/arm-eabi/4.4.0/thumb/crtbegin.o
 .glue_7t       0x02013584        0x0 cclogo.o
 .glue_7t       0x02013584        0x0 aplist.o
 .glue_7t       0x02013584        0x0 brut.o
 .glue_7t       0x02013584        0x0 main.o
 .glue_7t       0x02013584        0x0 spi_driver.o
 .glue_7t       0x02013584        0x0 uart.o
 .glue_7t       0x02013584        0x0 /home/gordo/devkitpro/libnds/lib/libdswifi9.a(wifi_arm9.o)
 .glue_7t       0x02013584        0x0 /home/gordo/devkitpro/libnds/lib/libdswifi9.a(spinlock.o)
 .glue_7t       0x02013584        0x0 /home/gordo/devkitpro/libnds/lib/libdswifi9.a(sgIP.o)
 .glue_7t       0x02013584        0x0 /home/gordo/devkitpro/libnds/lib/libdswifi9.a(sgIP_ARP.o)
 .glue_7t       0x02013584        0x0 /home/gordo/devkitpro/libnds/lib/libdswifi9.a(sgIP_DHCP.o)
 .glue_7t       0x02013584        0x0 /home/gordo/devkitpro/libnds/lib/libdswifi9.a(sgIP_DNS.o)
 .glue_7t       0x02013584        0x0 /home/gordo/devkitpro/libnds/lib/libdswifi9.a(sgIP_Hub.o)
 .glue_7t       0x02013584        0x0 /home/gordo/devkitpro/libnds/lib/libdswifi9.a(sgIP_IP.o)
 .glue_7t       0x02013584        0x0 /home/gordo/devkitpro/libnds/lib/libdswifi9.a(sgIP_TCP.o)
 .glue_7t       0x02013584        0x0 /home/gordo/devkitpro/libnds/lib/libdswifi9.a(sgIP_UDP.o)
 .glue_7t       0x02013584        0x0 /home/gordo/devkitpro/libnds/lib/libdswifi9.a(sgIP_memblock.o)
 .glue_7t       0x02013584        0x0 /home/gordo/devkitpro/libnds/lib/libdswifi9.a(sgIP_sockets.o)
 .glue_7t       0x02013584        0x0 /home/gordo/devkitpro/libnds/lib/libdswifi9.a(sgIP_ICMP.o)
 .glue_7t       0x02013584        0x0 /home/gordo/devkitpro/libnds/lib/libnds9.a(background.o)
 .glue_7t       0x02013584        0x0 /home/gordo/devkitpro/libnds/lib/libnds9.a(console.o)
 .glue_7t       0x02013584        0x0 /home/gordo/devkitpro/libnds/lib/libnds9.a(decompress.o)
 .glue_7t       0x02013584        0x0 /home/gordo/devkitpro/libnds/lib/libnds9.a(initSystem.o)
 .glue_7t       0x02013584        0x0 /home/gordo/devkitpro/libnds/lib/libnds9.a(keys.o)
 .glue_7t       0x02013584        0x0 /home/gordo/devkitpro/libnds/lib/libnds9.a(system.o)
 .glue_7t       0x02013584        0x0 /home/gordo/devkitpro/libnds/lib/libnds9.a(touch.o)
 .glue_7t       0x02013584        0x0 /home/gordo/devkitpro/libnds/lib/libnds9.a(trig.o)
 .glue_7t       0x02013584        0x0 /home/gordo/devkitpro/libnds/lib/libnds9.a(video.o)
 .glue_7t       0x02013584        0x0 /home/gordo/devkitpro/libnds/lib/libnds9.a(fifosystem.o)
 .glue_7t       0x02013584        0x0 /home/gordo/devkitpro/libnds/lib/libnds9.a(interrupts.o)
 .glue_7t       0x02013584        0x0 /home/gordo/devkitpro/libnds/lib/libnds9.a(dcache.o)
 .glue_7t       0x02013584        0x0 /home/gordo/devkitpro/libnds/lib/libnds9.a(biosCalls.o)
 .glue_7t       0x02013584        0x0 /home/gordo/devkitpro/libnds/lib/libnds9.a(debugprint.o)
 .glue_7t       0x02013584        0x0 /home/gordo/devkitpro/libnds/lib/libnds9.a(interruptDispatcher.o)
 .glue_7t       0x02013584        0x0 /home/gordo/devkitpro/libnds/lib/libnds9.a(default_font.bin.o)
 .glue_7t       0x02013584        0x0 /home/gordo/devkitpro/devkitARM/bin/../lib/gcc/arm-eabi/4.4.0/thumb/libgcc.a(_udivsi3.o)
 .glue_7t       0x02013584        0x0 /home/gordo/devkitpro/devkitARM/bin/../lib/gcc/arm-eabi/4.4.0/thumb/libgcc.a(_divsi3.o)
 .glue_7t       0x02013584        0x0 /home/gordo/devkitpro/devkitARM/bin/../lib/gcc/arm-eabi/4.4.0/thumb/libgcc.a(_dvmd_tls.o)
 .glue_7t       0x02013584        0x0 /home/gordo/devkitpro/devkitARM/bin/../lib/gcc/arm-eabi/4.4.0/thumb/libgcc.a(_arm_addsubdf3.o)
 .glue_7t       0x02013584        0x0 /home/gordo/devkitpro/devkitARM/bin/../lib/gcc/arm-eabi/4.4.0/thumb/libgcc.a(_arm_muldivdf3.o)
 .glue_7t       0x02013584        0x0 /home/gordo/devkitpro/devkitARM/bin/../lib/gcc/arm-eabi/4.4.0/thumb/libgcc.a(_arm_fixunsdfsi.o)
 .glue_7t       0x02013584        0x0 /home/gordo/devkitpro/devkitARM/bin/../lib/gcc/arm-eabi/4.4.0/thumb/libgcc.a(_arm_truncdfsf2.o)
 .glue_7t       0x02013584        0x0 /home/gordo/devkitpro/devkitARM/bin/../lib/gcc/arm-eabi/4.4.0/thumb/libgcc.a(_arm_addsubsf3.o)
 .glue_7t       0x02013584        0x0 /home/gordo/devkitpro/devkitARM/bin/../lib/gcc/arm-eabi/4.4.0/thumb/libgcc.a(_arm_muldivsf3.o)
 .glue_7t       0x02013584        0x0 /home/gordo/devkitpro/devkitARM/bin/../lib/gcc/arm-eabi/4.4.0/thumb/libgcc.a(_arm_cmpsf2.o)
 .glue_7t       0x02013584        0x0 /home/gordo/devkitpro/devkitARM/bin/../lib/gcc/arm-eabi/4.4.0/thumb/libgcc.a(_arm_fixunssfsi.o)
 .glue_7t       0x02013584        0x0 /home/gordo/devkitpro/devkitARM/bin/../lib/gcc/arm-eabi/4.4.0/../../../../arm-eabi/lib/thumb/libg.a(lib_a-bsearch.o)
 .glue_7t       0x02013584        0x0 /home/gordo/devkitpro/devkitARM/bin/../lib/gcc/arm-eabi/4.4.0/../../../../arm-eabi/lib/thumb/libg.a(lib_a-errno.o)
 .glue_7t       0x02013584        0x0 /home/gordo/devkitpro/devkitARM/bin/../lib/gcc/arm-eabi/4.4.0/../../../../arm-eabi/lib/thumb/libg.a(lib_a-impure.o)
 .glue_7t       0x02013584        0x0 /home/gordo/devkitpro/devkitARM/bin/../lib/gcc/arm-eabi/4.4.0/../../../../arm-eabi/lib/thumb/libg.a(lib_a-init.o)
 .glue_7t       0x02013584        0x0 /home/gordo/devkitpro/devkitARM/bin/../lib/gcc/arm-eabi/4.4.0/../../../../arm-eabi/lib/thumb/libg.a(lib_a-iprintf.o)
 .glue_7t       0x02013584        0x0 /home/gordo/devkitpro/devkitARM/bin/../lib/gcc/arm-eabi/4.4.0/../../../../arm-eabi/lib/thumb/libg.a(lib_a-malloc.o)
 .glue_7t       0x02013584        0x0 /home/gordo/devkitpro/devkitARM/bin/../lib/gcc/arm-eabi/4.4.0/../../../../arm-eabi/lib/thumb/libg.a(lib_a-mallocr.o)
 .glue_7t       0x02013584        0x0 /home/gordo/devkitpro/devkitARM/bin/../lib/gcc/arm-eabi/4.4.0/../../../../arm-eabi/lib/thumb/libg.a(lib_a-memcmp.o)
 .glue_7t       0x02013584        0x0 /home/gordo/devkitpro/devkitARM/bin/../lib/gcc/arm-eabi/4.4.0/../../../../arm-eabi/lib/thumb/libg.a(lib_a-memcpy.o)
 .glue_7t       0x02013584        0x0 /home/gordo/devkitpro/devkitARM/bin/../lib/gcc/arm-eabi/4.4.0/../../../../arm-eabi/lib/thumb/libg.a(lib_a-memmove.o)
 .glue_7t       0x02013584        0x0 /home/gordo/devkitpro/devkitARM/bin/../lib/gcc/arm-eabi/4.4.0/../../../../arm-eabi/lib/thumb/libg.a(lib_a-memset.o)
 .glue_7t       0x02013584        0x0 /home/gordo/devkitpro/devkitARM/bin/../lib/gcc/arm-eabi/4.4.0/../../../../arm-eabi/lib/thumb/libg.a(lib_a-mlock.o)
 .glue_7t       0x02013584        0x0 /home/gordo/devkitpro/devkitARM/bin/../lib/gcc/arm-eabi/4.4.0/../../../../arm-eabi/lib/thumb/libg.a(lib_a-printf.o)
 .glue_7t       0x02013584        0x0 /home/gordo/devkitpro/devkitARM/bin/../lib/gcc/arm-eabi/4.4.0/../../../../arm-eabi/lib/thumb/libg.a(lib_a-setvbuf.o)
 .glue_7t       0x02013584        0x0 /home/gordo/devkitpro/devkitARM/bin/../lib/gcc/arm-eabi/4.4.0/../../../../arm-eabi/lib/thumb/libg.a(lib_a-siscanf.o)
 .glue_7t       0x02013584        0x0 /home/gordo/devkitpro/devkitARM/bin/../lib/gcc/arm-eabi/4.4.0/../../../../arm-eabi/lib/thumb/libg.a(lib_a-strlen.o)
 .glue_7t       0x02013584        0x0 /home/gordo/devkitpro/devkitARM/bin/../lib/gcc/arm-eabi/4.4.0/../../../../arm-eabi/lib/thumb/libg.a(lib_a-strncpy.o)
 .glue_7t       0x02013584        0x0 /home/gordo/devkitpro/devkitARM/bin/../lib/gcc/arm-eabi/4.4.0/../../../../arm-eabi/lib/thumb/libg.a(lib_a-svfiscanf.o)
 .glue_7t       0x02013584        0x0 /home/gordo/devkitpro/devkitARM/bin/../lib/gcc/arm-eabi/4.4.0/../../../../arm-eabi/lib/thumb/libg.a(lib_a-time.o)
 .glue_7t       0x02013584        0x0 /home/gordo/devkitpro/devkitARM/bin/../lib/gcc/arm-eabi/4.4.0/../../../../arm-eabi/lib/thumb/libg.a(lib_a-ungetc.o)
 .glue_7t       0x02013584        0x0 /home/gordo/devkitpro/devkitARM/bin/../lib/gcc/arm-eabi/4.4.0/../../../../arm-eabi/lib/thumb/libg.a(lib_a-vfiprintf.o)
 .glue_7t       0x02013584        0x0 /home/gordo/devkitpro/devkitARM/bin/../lib/gcc/arm-eabi/4.4.0/../../../../arm-eabi/lib/thumb/libg.a(lib_a-vfprintf.o)
 .glue_7t       0x02013584        0x0 /home/gordo/devkitpro/devkitARM/bin/../lib/gcc/arm-eabi/4.4.0/../../../../arm-eabi/lib/thumb/libg.a(lib_a-wcrtomb.o)
 .glue_7t       0x02013584        0x0 /home/gordo/devkitpro/devkitARM/bin/../lib/gcc/arm-eabi/4.4.0/../../../../arm-eabi/lib/thumb/libg.a(lib_a-wcsrtombs.o)
 .glue_7t       0x02013584        0x0 /home/gordo/devkitpro/devkitARM/bin/../lib/gcc/arm-eabi/4.4.0/../../../../arm-eabi/lib/thumb/libg.a(lib_a-wctomb_r.o)
 .glue_7t       0x02013584        0x0 /home/gordo/devkitpro/devkitARM/bin/../lib/gcc/arm-eabi/4.4.0/../../../../arm-eabi/lib/thumb/libg.a(lib_a-wsetup.o)
 .glue_7t       0x02013584        0x0 /home/gordo/devkitpro/devkitARM/bin/../lib/gcc/arm-eabi/4.4.0/../../../../arm-eabi/lib/thumb/libg.a(lib_a-ctype_.o)
 .glue_7t       0x02013584        0x0 /home/gordo/devkitpro/devkitARM/bin/../lib/gcc/arm-eabi/4.4.0/../../../../arm-eabi/lib/thumb/libg.a(lib_a-dtoa.o)
 .glue_7t       0x02013584        0x0 /home/gordo/devkitpro/devkitARM/bin/../lib/gcc/arm-eabi/4.4.0/../../../../arm-eabi/lib/thumb/libg.a(lib_a-fflush.o)
 .glue_7t       0x02013584        0x0 /home/gordo/devkitpro/devkitARM/bin/../lib/gcc/arm-eabi/4.4.0/../../../../arm-eabi/lib/thumb/libg.a(lib_a-findfp.o)
 .glue_7t       0x02013584        0x0 /home/gordo/devkitpro/devkitARM/bin/../lib/gcc/arm-eabi/4.4.0/../../../../arm-eabi/lib/thumb/libg.a(lib_a-freer.o)
 .glue_7t       0x02013584        0x0 /home/gordo/devkitpro/devkitARM/bin/../lib/gcc/arm-eabi/4.4.0/../../../../arm-eabi/lib/thumb/libg.a(lib_a-fvwrite.o)
 .glue_7t       0x02013584        0x0 /home/gordo/devkitpro/devkitARM/bin/../lib/gcc/arm-eabi/4.4.0/../../../../arm-eabi/lib/thumb/libg.a(lib_a-fwalk.o)
 .glue_7t       0x02013584        0x0 /home/gordo/devkitpro/devkitARM/bin/../lib/gcc/arm-eabi/4.4.0/../../../../arm-eabi/lib/thumb/libg.a(lib_a-iswspace.o)
 .glue_7t       0x02013584        0x0 /home/gordo/devkitpro/devkitARM/bin/../lib/gcc/arm-eabi/4.4.0/../../../../arm-eabi/lib/thumb/libg.a(lib_a-jp2uc.o)
 .glue_7t       0x02013584        0x0 /home/gordo/devkitpro/devkitARM/bin/../lib/gcc/arm-eabi/4.4.0/../../../../arm-eabi/lib/thumb/libg.a(lib_a-locale.o)
 .glue_7t       0x02013584        0x0 /home/gordo/devkitpro/devkitARM/bin/../lib/gcc/arm-eabi/4.4.0/../../../../arm-eabi/lib/thumb/libg.a(lib_a-makebuf.o)
 .glue_7t       0x02013584        0x0 /home/gordo/devkitpro/devkitARM/bin/../lib/gcc/arm-eabi/4.4.0/../../../../arm-eabi/lib/thumb/libg.a(lib_a-mbrtowc.o)
 .glue_7t       0x02013584        0x0 /home/gordo/devkitpro/devkitARM/bin/../lib/gcc/arm-eabi/4.4.0/../../../../arm-eabi/lib/thumb/libg.a(lib_a-mbtowc_r.o)
 .glue_7t       0x02013584        0x0 /home/gordo/devkitpro/devkitARM/bin/../lib/gcc/arm-eabi/4.4.0/../../../../arm-eabi/lib/thumb/libg.a(lib_a-memchr.o)
 .glue_7t       0x02013584        0x0 /home/gordo/devkitpro/devkitARM/bin/../lib/gcc/arm-eabi/4.4.0/../../../../arm-eabi/lib/thumb/libg.a(lib_a-mprec.o)
 .glue_7t       0x02013584        0x0 /home/gordo/devkitpro/devkitARM/bin/../lib/gcc/arm-eabi/4.4.0/../../../../arm-eabi/lib/thumb/libg.a(lib_a-reallocr.o)
 .glue_7t       0x02013584        0x0 /home/gordo/devkitpro/devkitARM/bin/../lib/gcc/arm-eabi/4.4.0/../../../../arm-eabi/lib/thumb/libg.a(lib_a-sccl.o)
 .glue_7t       0x02013584        0x0 /home/gordo/devkitpro/devkitARM/bin/../lib/gcc/arm-eabi/4.4.0/../../../../arm-eabi/lib/thumb/libg.a(lib_a-s_isinfd.o)
 .glue_7t       0x02013584        0x0 /home/gordo/devkitpro/devkitARM/bin/../lib/gcc/arm-eabi/4.4.0/../../../../arm-eabi/lib/thumb/libg.a(lib_a-s_isnand.o)
 .glue_7t       0x02013584        0x0 /home/gordo/devkitpro/devkitARM/bin/../lib/gcc/arm-eabi/4.4.0/../../../../arm-eabi/lib/thumb/libg.a(lib_a-stdio.o)
 .glue_7t       0x02013584        0x0 /home/gordo/devkitpro/devkitARM/bin/../lib/gcc/arm-eabi/4.4.0/../../../../arm-eabi/lib/thumb/libg.a(lib_a-strcmp.o)
 .glue_7t       0x02013584        0x0 /home/gordo/devkitpro/devkitARM/bin/../lib/gcc/arm-eabi/4.4.0/../../../../arm-eabi/lib/thumb/libg.a(lib_a-strcpy.o)
 .glue_7t       0x02013584        0x0 /home/gordo/devkitpro/devkitARM/bin/../lib/gcc/arm-eabi/4.4.0/../../../../arm-eabi/lib/thumb/libg.a(lib_a-strtol.o)
 .glue_7t       0x02013584        0x0 /home/gordo/devkitpro/devkitARM/bin/../lib/gcc/arm-eabi/4.4.0/../../../../arm-eabi/lib/thumb/libg.a(lib_a-strtoul.o)
 .glue_7t       0x02013584        0x0 /home/gordo/devkitpro/devkitARM/bin/../lib/gcc/arm-eabi/4.4.0/../../../../arm-eabi/lib/thumb/libg.a(lib_a-callocr.o)
 .glue_7t       0x02013584        0x0 /home/gordo/devkitpro/devkitARM/bin/../lib/gcc/arm-eabi/4.4.0/../../../../arm-eabi/lib/thumb/libg.a(lib_a-fclose.o)
 .glue_7t       0x02013584        0x0 /home/gordo/devkitpro/devkitARM/bin/../lib/gcc/arm-eabi/4.4.0/../../../../arm-eabi/lib/thumb/libsysbase.a(iosupport.o)
 .glue_7t       0x02013584        0x0 /home/gordo/devkitpro/devkitARM/bin/../lib/gcc/arm-eabi/4.4.0/../../../../arm-eabi/lib/thumb/libsysbase.a(close.o)
 .glue_7t       0x02013584        0x0 /home/gordo/devkitpro/devkitARM/bin/../lib/gcc/arm-eabi/4.4.0/../../../../arm-eabi/lib/thumb/libsysbase.a(fstat.o)
 .glue_7t       0x02013584        0x0 /home/gordo/devkitpro/devkitARM/bin/../lib/gcc/arm-eabi/4.4.0/../../../../arm-eabi/lib/thumb/libsysbase.a(isatty.o)
 .glue_7t       0x02013584        0x0 /home/gordo/devkitpro/devkitARM/bin/../lib/gcc/arm-eabi/4.4.0/../../../../arm-eabi/lib/thumb/libsysbase.a(lseek.o)
 .glue_7t       0x02013584        0x0 /home/gordo/devkitpro/devkitARM/bin/../lib/gcc/arm-eabi/4.4.0/../../../../arm-eabi/lib/thumb/libsysbase.a(read.o)
 .glue_7t       0x02013584        0x0 /home/gordo/devkitpro/devkitARM/bin/../lib/gcc/arm-eabi/4.4.0/../../../../arm-eabi/lib/thumb/libsysbase.a(sbrk.o)
 .glue_7t       0x02013584        0x0 /home/gordo/devkitpro/devkitARM/bin/../lib/gcc/arm-eabi/4.4.0/../../../../arm-eabi/lib/thumb/libsysbase.a(times.o)
 .glue_7t       0x02013584        0x0 /home/gordo/devkitpro/devkitARM/bin/../lib/gcc/arm-eabi/4.4.0/../../../../arm-eabi/lib/thumb/libsysbase.a(write.o)
 .glue_7t       0x02013584        0x0 /home/gordo/devkitpro/devkitARM/bin/../lib/gcc/arm-eabi/4.4.0/../../../../arm-eabi/lib/thumb/libsysbase.a(malloc_vars.o)
 .glue_7t       0x02013584        0x0 /home/gordo/devkitpro/devkitARM/bin/../lib/gcc/arm-eabi/4.4.0/../../../../arm-eabi/lib/thumb/libsysbase.a(build_argv.o)
 .glue_7t       0x02013584        0x0 /home/gordo/devkitpro/devkitARM/bin/../lib/gcc/arm-eabi/4.4.0/../../../../arm-eabi/lib/thumb/libsysbase.a(handle_manager.o)
 .glue_7t       0x02013584        0x0 /home/gordo/devkitpro/devkitARM/bin/../lib/gcc/arm-eabi/4.4.0/thumb/libgcc.a(_arm_cmpdf2.o)
 .glue_7t       0x02013584        0x0 /home/gordo/devkitpro/devkitARM/bin/../lib/gcc/arm-eabi/4.4.0/thumb/libgcc.a(_arm_fixdfsi.o)
 .glue_7t       0x02013584        0x0 /home/gordo/devkitpro/devkitARM/bin/../lib/gcc/arm-eabi/4.4.0/../../../../arm-eabi/lib/thumb/libg.a(lib_a-strncmp.o)
 .glue_7t       0x02013584        0x0 /home/gordo/devkitpro/devkitARM/bin/../lib/gcc/arm-eabi/4.4.0/thumb/crtend.o
 .glue_7t       0x02013584        0x0 /home/gordo/devkitpro/devkitARM/bin/../lib/gcc/arm-eabi/4.4.0/thumb/crtn.o
                0x02013584                . = ALIGN (0x4)

.vfp11_veneer   0x00000000        0x0
 .vfp11_veneer  0x00000000        0x0 /home/gordo/devkitpro/devkitARM/bin/../lib/gcc/arm-eabi/4.4.0/../../../../arm-eabi/lib/thumb/ds_arm9_crt0.o
 .vfp11_veneer  0x00000000        0x0 /home/gordo/devkitpro/devkitARM/bin/../lib/gcc/arm-eabi/4.4.0/thumb/crti.o
 .vfp11_veneer  0x00000000        0x0 /home/gordo/devkitpro/devkitARM/bin/../lib/gcc/arm-eabi/4.4.0/thumb/crtbegin.o
 .vfp11_veneer  0x00000000        0x0 cclogo.o
 .vfp11_veneer  0x00000000        0x0 aplist.o
 .vfp11_veneer  0x00000000        0x0 brut.o
 .vfp11_veneer  0x00000000        0x0 main.o
 .vfp11_veneer  0x00000000        0x0 spi_driver.o
 .vfp11_veneer  0x00000000        0x0 uart.o
 .vfp11_veneer  0x00000000        0x0 /home/gordo/devkitpro/libnds/lib/libdswifi9.a(wifi_arm9.o)
 .vfp11_veneer  0x00000000        0x0 /home/gordo/devkitpro/libnds/lib/libdswifi9.a(spinlock.o)
 .vfp11_veneer  0x00000000        0x0 /home/gordo/devkitpro/libnds/lib/libdswifi9.a(sgIP.o)
 .vfp11_veneer  0x00000000        0x0 /home/gordo/devkitpro/libnds/lib/libdswifi9.a(sgIP_ARP.o)
 .vfp11_veneer  0x00000000        0x0 /home/gordo/devkitpro/libnds/lib/libdswifi9.a(sgIP_DHCP.o)
 .vfp11_veneer  0x00000000        0x0 /home/gordo/devkitpro/libnds/lib/libdswifi9.a(sgIP_DNS.o)
 .vfp11_veneer  0x00000000        0x0 /home/gordo/devkitpro/libnds/lib/libdswifi9.a(sgIP_Hub.o)
 .vfp11_veneer  0x00000000        0x0 /home/gordo/devkitpro/libnds/lib/libdswifi9.a(sgIP_IP.o)
 .vfp11_veneer  0x00000000        0x0 /home/gordo/devkitpro/libnds/lib/libdswifi9.a(sgIP_TCP.o)
 .vfp11_veneer  0x00000000        0x0 /home/gordo/devkitpro/libnds/lib/libdswifi9.a(sgIP_UDP.o)
 .vfp11_veneer  0x00000000        0x0 /home/gordo/devkitpro/libnds/lib/libdswifi9.a(sgIP_memblock.o)
 .vfp11_veneer  0x00000000        0x0 /home/gordo/devkitpro/libnds/lib/libdswifi9.a(sgIP_sockets.o)
 .vfp11_veneer  0x00000000        0x0 /home/gordo/devkitpro/libnds/lib/libdswifi9.a(sgIP_ICMP.o)
 .vfp11_veneer  0x00000000        0x0 /home/gordo/devkitpro/libnds/lib/libnds9.a(background.o)
 .vfp11_veneer  0x00000000        0x0 /home/gordo/devkitpro/libnds/lib/libnds9.a(console.o)
 .vfp11_veneer  0x00000000        0x0 /home/gordo/devkitpro/libnds/lib/libnds9.a(decompress.o)
 .vfp11_veneer  0x00000000        0x0 /home/gordo/devkitpro/libnds/lib/libnds9.a(initSystem.o)
 .vfp11_veneer  0x00000000        0x0 /home/gordo/devkitpro/libnds/lib/libnds9.a(keys.o)
 .vfp11_veneer  0x00000000        0x0 /home/gordo/devkitpro/libnds/lib/libnds9.a(system.o)
 .vfp11_veneer  0x00000000        0x0 /home/gordo/devkitpro/libnds/lib/libnds9.a(touch.o)
 .vfp11_veneer  0x00000000        0x0 /home/gordo/devkitpro/libnds/lib/libnds9.a(trig.o)
 .vfp11_veneer  0x00000000        0x0 /home/gordo/devkitpro/libnds/lib/libnds9.a(video.o)
 .vfp11_veneer  0x00000000        0x0 /home/gordo/devkitpro/libnds/lib/libnds9.a(fifosystem.o)
 .vfp11_veneer  0x00000000        0x0 /home/gordo/devkitpro/libnds/lib/libnds9.a(interrupts.o)
 .vfp11_veneer  0x00000000        0x0 /home/gordo/devkitpro/libnds/lib/libnds9.a(dcache.o)
 .vfp11_veneer  0x00000000        0x0 /home/gordo/devkitpro/libnds/lib/libnds9.a(biosCalls.o)
 .vfp11_veneer  0x00000000        0x0 /home/gordo/devkitpro/libnds/lib/libnds9.a(debugprint.o)
 .vfp11_veneer  0x00000000        0x0 /home/gordo/devkitpro/libnds/lib/libnds9.a(interruptDispatcher.o)
 .vfp11_veneer  0x00000000        0x0 /home/gordo/devkitpro/libnds/lib/libnds9.a(default_font.bin.o)
 .vfp11_veneer  0x00000000        0x0 /home/gordo/devkitpro/devkitARM/bin/../lib/gcc/arm-eabi/4.4.0/thumb/libgcc.a(_udivsi3.o)
 .vfp11_veneer  0x00000000        0x0 /home/gordo/devkitpro/devkitARM/bin/../lib/gcc/arm-eabi/4.4.0/thumb/libgcc.a(_divsi3.o)
 .vfp11_veneer  0x00000000        0x0 /home/gordo/devkitpro/devkitARM/bin/../lib/gcc/arm-eabi/4.4.0/thumb/libgcc.a(_dvmd_tls.o)
 .vfp11_veneer  0x00000000        0x0 /home/gordo/devkitpro/devkitARM/bin/../lib/gcc/arm-eabi/4.4.0/thumb/libgcc.a(_arm_addsubdf3.o)
 .vfp11_veneer  0x00000000        0x0 /home/gordo/devkitpro/devkitARM/bin/../lib/gcc/arm-eabi/4.4.0/thumb/libgcc.a(_arm_muldivdf3.o)
 .vfp11_veneer  0x00000000        0x0 /home/gordo/devkitpro/devkitARM/bin/../lib/gcc/arm-eabi/4.4.0/thumb/libgcc.a(_arm_fixunsdfsi.o)
 .vfp11_veneer  0x00000000        0x0 /home/gordo/devkitpro/devkitARM/bin/../lib/gcc/arm-eabi/4.4.0/thumb/libgcc.a(_arm_truncdfsf2.o)
 .vfp11_veneer  0x00000000        0x0 /home/gordo/devkitpro/devkitARM/bin/../lib/gcc/arm-eabi/4.4.0/thumb/libgcc.a(_arm_addsubsf3.o)
 .vfp11_veneer  0x00000000        0x0 /home/gordo/devkitpro/devkitARM/bin/../lib/gcc/arm-eabi/4.4.0/thumb/libgcc.a(_arm_muldivsf3.o)
 .vfp11_veneer  0x00000000        0x0 /home/gordo/devkitpro/devkitARM/bin/../lib/gcc/arm-eabi/4.4.0/thumb/libgcc.a(_arm_cmpsf2.o)
 .vfp11_veneer  0x00000000        0x0 /home/gordo/devkitpro/devkitARM/bin/../lib/gcc/arm-eabi/4.4.0/thumb/libgcc.a(_arm_fixunssfsi.o)
 .vfp11_veneer  0x00000000        0x0 /home/gordo/devkitpro/devkitARM/bin/../lib/gcc/arm-eabi/4.4.0/../../../../arm-eabi/lib/thumb/libg.a(lib_a-bsearch.o)
 .vfp11_veneer  0x00000000        0x0 /home/gordo/devkitpro/devkitARM/bin/../lib/gcc/arm-eabi/4.4.0/../../../../arm-eabi/lib/thumb/libg.a(lib_a-errno.o)
 .vfp11_veneer  0x00000000        0x0 /home/gordo/devkitpro/devkitARM/bin/../lib/gcc/arm-eabi/4.4.0/../../../../arm-eabi/lib/thumb/libg.a(lib_a-impure.o)
 .vfp11_veneer  0x00000000        0x0 /home/gordo/devkitpro/devkitARM/bin/../lib/gcc/arm-eabi/4.4.0/../../../../arm-eabi/lib/thumb/libg.a(lib_a-init.o)
 .vfp11_veneer  0x00000000        0x0 /home/gordo/devkitpro/devkitARM/bin/../lib/gcc/arm-eabi/4.4.0/../../../../arm-eabi/lib/thumb/libg.a(lib_a-iprintf.o)
 .vfp11_veneer  0x00000000        0x0 /home/gordo/devkitpro/devkitARM/bin/../lib/gcc/arm-eabi/4.4.0/../../../../arm-eabi/lib/thumb/libg.a(lib_a-malloc.o)
 .vfp11_veneer  0x00000000        0x0 /home/gordo/devkitpro/devkitARM/bin/../lib/gcc/arm-eabi/4.4.0/../../../../arm-eabi/lib/thumb/libg.a(lib_a-mallocr.o)
 .vfp11_veneer  0x00000000        0x0 /home/gordo/devkitpro/devkitARM/bin/../lib/gcc/arm-eabi/4.4.0/../../../../arm-eabi/lib/thumb/libg.a(lib_a-memcmp.o)
 .vfp11_veneer  0x00000000        0x0 /home/gordo/devkitpro/devkitARM/bin/../lib/gcc/arm-eabi/4.4.0/../../../../arm-eabi/lib/thumb/libg.a(lib_a-memcpy.o)
 .vfp11_veneer  0x00000000        0x0 /home/gordo/devkitpro/devkitARM/bin/../lib/gcc/arm-eabi/4.4.0/../../../../arm-eabi/lib/thumb/libg.a(lib_a-memmove.o)
 .vfp11_veneer  0x00000000        0x0 /home/gordo/devkitpro/devkitARM/bin/../lib/gcc/arm-eabi/4.4.0/../../../../arm-eabi/lib/thumb/libg.a(lib_a-memset.o)
 .vfp11_veneer  0x00000000        0x0 /home/gordo/devkitpro/devkitARM/bin/../lib/gcc/arm-eabi/4.4.0/../../../../arm-eabi/lib/thumb/libg.a(lib_a-mlock.o)
 .vfp11_veneer  0x00000000        0x0 /home/gordo/devkitpro/devkitARM/bin/../lib/gcc/arm-eabi/4.4.0/../../../../arm-eabi/lib/thumb/libg.a(lib_a-printf.o)
 .vfp11_veneer  0x00000000        0x0 /home/gordo/devkitpro/devkitARM/bin/../lib/gcc/arm-eabi/4.4.0/../../../../arm-eabi/lib/thumb/libg.a(lib_a-setvbuf.o)
 .vfp11_veneer  0x00000000        0x0 /home/gordo/devkitpro/devkitARM/bin/../lib/gcc/arm-eabi/4.4.0/../../../../arm-eabi/lib/thumb/libg.a(lib_a-siscanf.o)
 .vfp11_veneer  0x00000000        0x0 /home/gordo/devkitpro/devkitARM/bin/../lib/gcc/arm-eabi/4.4.0/../../../../arm-eabi/lib/thumb/libg.a(lib_a-strlen.o)
 .vfp11_veneer  0x00000000        0x0 /home/gordo/devkitpro/devkitARM/bin/../lib/gcc/arm-eabi/4.4.0/../../../../arm-eabi/lib/thumb/libg.a(lib_a-strncpy.o)
 .vfp11_veneer  0x00000000        0x0 /home/gordo/devkitpro/devkitARM/bin/../lib/gcc/arm-eabi/4.4.0/../../../../arm-eabi/lib/thumb/libg.a(lib_a-svfiscanf.o)
 .vfp11_veneer  0x00000000        0x0 /home/gordo/devkitpro/devkitARM/bin/../lib/gcc/arm-eabi/4.4.0/../../../../arm-eabi/lib/thumb/libg.a(lib_a-time.o)
 .vfp11_veneer  0x00000000        0x0 /home/gordo/devkitpro/devkitARM/bin/../lib/gcc/arm-eabi/4.4.0/../../../../arm-eabi/lib/thumb/libg.a(lib_a-ungetc.o)
 .vfp11_veneer  0x00000000        0x0 /home/gordo/devkitpro/devkitARM/bin/../lib/gcc/arm-eabi/4.4.0/../../../../arm-eabi/lib/thumb/libg.a(lib_a-vfiprintf.o)
 .vfp11_veneer  0x00000000        0x0 /home/gordo/devkitpro/devkitARM/bin/../lib/gcc/arm-eabi/4.4.0/../../../../arm-eabi/lib/thumb/libg.a(lib_a-vfprintf.o)
 .vfp11_veneer  0x00000000        0x0 /home/gordo/devkitpro/devkitARM/bin/../lib/gcc/arm-eabi/4.4.0/../../../../arm-eabi/lib/thumb/libg.a(lib_a-wcrtomb.o)
 .vfp11_veneer  0x00000000        0x0 /home/gordo/devkitpro/devkitARM/bin/../lib/gcc/arm-eabi/4.4.0/../../../../arm-eabi/lib/thumb/libg.a(lib_a-wcsrtombs.o)
 .vfp11_veneer  0x00000000        0x0 /home/gordo/devkitpro/devkitARM/bin/../lib/gcc/arm-eabi/4.4.0/../../../../arm-eabi/lib/thumb/libg.a(lib_a-wctomb_r.o)
 .vfp11_veneer  0x00000000        0x0 /home/gordo/devkitpro/devkitARM/bin/../lib/gcc/arm-eabi/4.4.0/../../../../arm-eabi/lib/thumb/libg.a(lib_a-wsetup.o)
 .vfp11_veneer  0x00000000        0x0 /home/gordo/devkitpro/devkitARM/bin/../lib/gcc/arm-eabi/4.4.0/../../../../arm-eabi/lib/thumb/libg.a(lib_a-ctype_.o)
 .vfp11_veneer  0x00000000        0x0 /home/gordo/devkitpro/devkitARM/bin/../lib/gcc/arm-eabi/4.4.0/../../../../arm-eabi/lib/thumb/libg.a(lib_a-dtoa.o)
 .vfp11_veneer  0x00000000        0x0 /home/gordo/devkitpro/devkitARM/bin/../lib/gcc/arm-eabi/4.4.0/../../../../arm-eabi/lib/thumb/libg.a(lib_a-fflush.o)
 .vfp11_veneer  0x00000000        0x0 /home/gordo/devkitpro/devkitARM/bin/../lib/gcc/arm-eabi/4.4.0/../../../../arm-eabi/lib/thumb/libg.a(lib_a-findfp.o)
 .vfp11_veneer  0x00000000        0x0 /home/gordo/devkitpro/devkitARM/bin/../lib/gcc/arm-eabi/4.4.0/../../../../arm-eabi/lib/thumb/libg.a(lib_a-freer.o)
 .vfp11_veneer  0x00000000        0x0 /home/gordo/devkitpro/devkitARM/bin/../lib/gcc/arm-eabi/4.4.0/../../../../arm-eabi/lib/thumb/libg.a(lib_a-fvwrite.o)
 .vfp11_veneer  0x00000000        0x0 /home/gordo/devkitpro/devkitARM/bin/../lib/gcc/arm-eabi/4.4.0/../../../../arm-eabi/lib/thumb/libg.a(lib_a-fwalk.o)
 .vfp11_veneer  0x00000000        0x0 /home/gordo/devkitpro/devkitARM/bin/../lib/gcc/arm-eabi/4.4.0/../../../../arm-eabi/lib/thumb/libg.a(lib_a-iswspace.o)
 .vfp11_veneer  0x00000000        0x0 /home/gordo/devkitpro/devkitARM/bin/../lib/gcc/arm-eabi/4.4.0/../../../../arm-eabi/lib/thumb/libg.a(lib_a-jp2uc.o)
 .vfp11_veneer  0x00000000        0x0 /home/gordo/devkitpro/devkitARM/bin/../lib/gcc/arm-eabi/4.4.0/../../../../arm-eabi/lib/thumb/libg.a(lib_a-locale.o)
 .vfp11_veneer  0x00000000        0x0 /home/gordo/devkitpro/devkitARM/bin/../lib/gcc/arm-eabi/4.4.0/../../../../arm-eabi/lib/thumb/libg.a(lib_a-makebuf.o)
 .vfp11_veneer  0x00000000        0x0 /home/gordo/devkitpro/devkitARM/bin/../lib/gcc/arm-eabi/4.4.0/../../../../arm-eabi/lib/thumb/libg.a(lib_a-mbrtowc.o)
 .vfp11_veneer  0x00000000        0x0 /home/gordo/devkitpro/devkitARM/bin/../lib/gcc/arm-eabi/4.4.0/../../../../arm-eabi/lib/thumb/libg.a(lib_a-mbtowc_r.o)
 .vfp11_veneer  0x00000000        0x0 /home/gordo/devkitpro/devkitARM/bin/../lib/gcc/arm-eabi/4.4.0/../../../../arm-eabi/lib/thumb/libg.a(lib_a-memchr.o)
 .vfp11_veneer  0x00000000        0x0 /home/gordo/devkitpro/devkitARM/bin/../lib/gcc/arm-eabi/4.4.0/../../../../arm-eabi/lib/thumb/libg.a(lib_a-mprec.o)
 .vfp11_veneer  0x00000000        0x0 /home/gordo/devkitpro/devkitARM/bin/../lib/gcc/arm-eabi/4.4.0/../../../../arm-eabi/lib/thumb/libg.a(lib_a-reallocr.o)
 .vfp11_veneer  0x00000000        0x0 /home/gordo/devkitpro/devkitARM/bin/../lib/gcc/arm-eabi/4.4.0/../../../../arm-eabi/lib/thumb/libg.a(lib_a-sccl.o)
 .vfp11_veneer  0x00000000        0x0 /home/gordo/devkitpro/devkitARM/bin/../lib/gcc/arm-eabi/4.4.0/../../../../arm-eabi/lib/thumb/libg.a(lib_a-s_isinfd.o)
 .vfp11_veneer  0x00000000        0x0 /home/gordo/devkitpro/devkitARM/bin/../lib/gcc/arm-eabi/4.4.0/../../../../arm-eabi/lib/thumb/libg.a(lib_a-s_isnand.o)
 .vfp11_veneer  0x00000000        0x0 /home/gordo/devkitpro/devkitARM/bin/../lib/gcc/arm-eabi/4.4.0/../../../../arm-eabi/lib/thumb/libg.a(lib_a-stdio.o)
 .vfp11_veneer  0x00000000        0x0 /home/gordo/devkitpro/devkitARM/bin/../lib/gcc/arm-eabi/4.4.0/../../../../arm-eabi/lib/thumb/libg.a(lib_a-strcmp.o)
 .vfp11_veneer  0x00000000        0x0 /home/gordo/devkitpro/devkitARM/bin/../lib/gcc/arm-eabi/4.4.0/../../../../arm-eabi/lib/thumb/libg.a(lib_a-strcpy.o)
 .vfp11_veneer  0x00000000        0x0 /home/gordo/devkitpro/devkitARM/bin/../lib/gcc/arm-eabi/4.4.0/../../../../arm-eabi/lib/thumb/libg.a(lib_a-strtol.o)
 .vfp11_veneer  0x00000000        0x0 /home/gordo/devkitpro/devkitARM/bin/../lib/gcc/arm-eabi/4.4.0/../../../../arm-eabi/lib/thumb/libg.a(lib_a-strtoul.o)
 .vfp11_veneer  0x00000000        0x0 /home/gordo/devkitpro/devkitARM/bin/../lib/gcc/arm-eabi/4.4.0/../../../../arm-eabi/lib/thumb/libg.a(lib_a-callocr.o)
 .vfp11_veneer  0x00000000        0x0 /home/gordo/devkitpro/devkitARM/bin/../lib/gcc/arm-eabi/4.4.0/../../../../arm-eabi/lib/thumb/libg.a(lib_a-fclose.o)
 .vfp11_veneer  0x00000000        0x0 /home/gordo/devkitpro/devkitARM/bin/../lib/gcc/arm-eabi/4.4.0/../../../../arm-eabi/lib/thumb/libsysbase.a(iosupport.o)
 .vfp11_veneer  0x00000000        0x0 /home/gordo/devkitpro/devkitARM/bin/../lib/gcc/arm-eabi/4.4.0/../../../../arm-eabi/lib/thumb/libsysbase.a(close.o)
 .vfp11_veneer  0x00000000        0x0 /home/gordo/devkitpro/devkitARM/bin/../lib/gcc/arm-eabi/4.4.0/../../../../arm-eabi/lib/thumb/libsysbase.a(fstat.o)
 .vfp11_veneer  0x00000000        0x0 /home/gordo/devkitpro/devkitARM/bin/../lib/gcc/arm-eabi/4.4.0/../../../../arm-eabi/lib/thumb/libsysbase.a(isatty.o)
 .vfp11_veneer  0x00000000        0x0 /home/gordo/devkitpro/devkitARM/bin/../lib/gcc/arm-eabi/4.4.0/../../../../arm-eabi/lib/thumb/libsysbase.a(lseek.o)
 .vfp11_veneer  0x00000000        0x0 /home/gordo/devkitpro/devkitARM/bin/../lib/gcc/arm-eabi/4.4.0/../../../../arm-eabi/lib/thumb/libsysbase.a(read.o)
 .vfp11_veneer  0x00000000        0x0 /home/gordo/devkitpro/devkitARM/bin/../lib/gcc/arm-eabi/4.4.0/../../../../arm-eabi/lib/thumb/libsysbase.a(sbrk.o)
 .vfp11_veneer  0x00000000        0x0 /home/gordo/devkitpro/devkitARM/bin/../lib/gcc/arm-eabi/4.4.0/../../../../arm-eabi/lib/thumb/libsysbase.a(times.o)
 .vfp11_veneer  0x00000000        0x0 /home/gordo/devkitpro/devkitARM/bin/../lib/gcc/arm-eabi/4.4.0/../../../../arm-eabi/lib/thumb/libsysbase.a(write.o)
 .vfp11_veneer  0x00000000        0x0 /home/gordo/devkitpro/devkitARM/bin/../lib/gcc/arm-eabi/4.4.0/../../../../arm-eabi/lib/thumb/libsysbase.a(malloc_vars.o)
 .vfp11_veneer  0x00000000        0x0 /home/gordo/devkitpro/devkitARM/bin/../lib/gcc/arm-eabi/4.4.0/../../../../arm-eabi/lib/thumb/libsysbase.a(build_argv.o)
 .vfp11_veneer  0x00000000        0x0 /home/gordo/devkitpro/devkitARM/bin/../lib/gcc/arm-eabi/4.4.0/../../../../arm-eabi/lib/thumb/libsysbase.a(handle_manager.o)
 .vfp11_veneer  0x00000000        0x0 /home/gordo/devkitpro/devkitARM/bin/../lib/gcc/arm-eabi/4.4.0/thumb/libgcc.a(_arm_cmpdf2.o)
 .vfp11_veneer  0x00000000        0x0 /home/gordo/devkitpro/devkitARM/bin/../lib/gcc/arm-eabi/4.4.0/thumb/libgcc.a(_arm_fixdfsi.o)
 .vfp11_veneer  0x00000000        0x0 /home/gordo/devkitpro/devkitARM/bin/../lib/gcc/arm-eabi/4.4.0/../../../../arm-eabi/lib/thumb/libg.a(lib_a-strncmp.o)
 .vfp11_veneer  0x00000000        0x0 /home/gordo/devkitpro/devkitARM/bin/../lib/gcc/arm-eabi/4.4.0/thumb/crtend.o
 .vfp11_veneer  0x00000000        0x0 /home/gordo/devkitpro/devkitARM/bin/../lib/gcc/arm-eabi/4.4.0/thumb/crtn.o

.v4_bx          0x00000000        0x0
 .v4_bx         0x00000000        0x0 /home/gordo/devkitpro/devkitARM/bin/../lib/gcc/arm-eabi/4.4.0/../../../../arm-eabi/lib/thumb/ds_arm9_crt0.o